Archive member included to satisfy reference by file (symbol)

c:/program files (x86)/atmel/studio/7.0/toolchain/avr8/avr8-gnu-toolchain/bin/../lib/gcc/avr/5.4.0/../../../../avr/lib/avr6\libm.a(addsf3.o)
                              Servo.o (__addsf3)
c:/program files (x86)/atmel/studio/7.0/toolchain/avr8/avr8-gnu-toolchain/bin/../lib/gcc/avr/5.4.0/../../../../avr/lib/avr6\libm.a(addsf3x.o)
                              c:/program files (x86)/atmel/studio/7.0/toolchain/avr8/avr8-gnu-toolchain/bin/../lib/gcc/avr/5.4.0/../../../../avr/lib/avr6\libm.a(addsf3.o) (__addsf3x)
c:/program files (x86)/atmel/studio/7.0/toolchain/avr8/avr8-gnu-toolchain/bin/../lib/gcc/avr/5.4.0/../../../../avr/lib/avr6\libm.a(divsf3.o)
                              SharpIR.o (__divsf3)
c:/program files (x86)/atmel/studio/7.0/toolchain/avr8/avr8-gnu-toolchain/bin/../lib/gcc/avr/5.4.0/../../../../avr/lib/avr6\libm.a(divsf3x.o)
                              c:/program files (x86)/atmel/studio/7.0/toolchain/avr8/avr8-gnu-toolchain/bin/../lib/gcc/avr/5.4.0/../../../../avr/lib/avr6\libm.a(divsf3.o) (__divsf3x)
c:/program files (x86)/atmel/studio/7.0/toolchain/avr8/avr8-gnu-toolchain/bin/../lib/gcc/avr/5.4.0/../../../../avr/lib/avr6\libm.a(fixsfsi.o)
                              MOPBOT.o (__fixsfsi)
c:/program files (x86)/atmel/studio/7.0/toolchain/avr8/avr8-gnu-toolchain/bin/../lib/gcc/avr/5.4.0/../../../../avr/lib/avr6\libm.a(fixunssfsi.o)
                              Servo.o (__fixunssfsi)
c:/program files (x86)/atmel/studio/7.0/toolchain/avr8/avr8-gnu-toolchain/bin/../lib/gcc/avr/5.4.0/../../../../avr/lib/avr6\libm.a(floatsisf.o)
                              Servo.o (__floatunsisf)
c:/program files (x86)/atmel/studio/7.0/toolchain/avr8/avr8-gnu-toolchain/bin/../lib/gcc/avr/5.4.0/../../../../avr/lib/avr6\libm.a(floor.o)
                              Ultrasound.o (floor)
c:/program files (x86)/atmel/studio/7.0/toolchain/avr8/avr8-gnu-toolchain/bin/../lib/gcc/avr/5.4.0/../../../../avr/lib/avr6\libm.a(fmin.o)
                              MOPBOT.o (fmin)
c:/program files (x86)/atmel/studio/7.0/toolchain/avr8/avr8-gnu-toolchain/bin/../lib/gcc/avr/5.4.0/../../../../avr/lib/avr6\libm.a(fp_inf.o)
                              c:/program files (x86)/atmel/studio/7.0/toolchain/avr8/avr8-gnu-toolchain/bin/../lib/gcc/avr/5.4.0/../../../../avr/lib/avr6\libm.a(addsf3x.o) (__fp_inf)
c:/program files (x86)/atmel/studio/7.0/toolchain/avr8/avr8-gnu-toolchain/bin/../lib/gcc/avr/5.4.0/../../../../avr/lib/avr6\libm.a(fp_mintl.o)
                              c:/program files (x86)/atmel/studio/7.0/toolchain/avr8/avr8-gnu-toolchain/bin/../lib/gcc/avr/5.4.0/../../../../avr/lib/avr6\libm.a(floor.o) (__fp_mintl)
c:/program files (x86)/atmel/studio/7.0/toolchain/avr8/avr8-gnu-toolchain/bin/../lib/gcc/avr/5.4.0/../../../../avr/lib/avr6\libm.a(fp_mpack.o)
                              c:/program files (x86)/atmel/studio/7.0/toolchain/avr8/avr8-gnu-toolchain/bin/../lib/gcc/avr/5.4.0/../../../../avr/lib/avr6\libm.a(floor.o) (__fp_mpack)
c:/program files (x86)/atmel/studio/7.0/toolchain/avr8/avr8-gnu-toolchain/bin/../lib/gcc/avr/5.4.0/../../../../avr/lib/avr6\libm.a(fp_nan.o)
                              c:/program files (x86)/atmel/studio/7.0/toolchain/avr8/avr8-gnu-toolchain/bin/../lib/gcc/avr/5.4.0/../../../../avr/lib/avr6\libm.a(addsf3x.o) (__fp_nan)
c:/program files (x86)/atmel/studio/7.0/toolchain/avr8/avr8-gnu-toolchain/bin/../lib/gcc/avr/5.4.0/../../../../avr/lib/avr6\libm.a(fp_pscA.o)
                              c:/program files (x86)/atmel/studio/7.0/toolchain/avr8/avr8-gnu-toolchain/bin/../lib/gcc/avr/5.4.0/../../../../avr/lib/avr6\libm.a(addsf3x.o) (__fp_pscA)
c:/program files (x86)/atmel/studio/7.0/toolchain/avr8/avr8-gnu-toolchain/bin/../lib/gcc/avr/5.4.0/../../../../avr/lib/avr6\libm.a(fp_pscB.o)
                              c:/program files (x86)/atmel/studio/7.0/toolchain/avr8/avr8-gnu-toolchain/bin/../lib/gcc/avr/5.4.0/../../../../avr/lib/avr6\libm.a(addsf3x.o) (__fp_pscB)
c:/program files (x86)/atmel/studio/7.0/toolchain/avr8/avr8-gnu-toolchain/bin/../lib/gcc/avr/5.4.0/../../../../avr/lib/avr6\libm.a(fp_round.o)
                              c:/program files (x86)/atmel/studio/7.0/toolchain/avr8/avr8-gnu-toolchain/bin/../lib/gcc/avr/5.4.0/../../../../avr/lib/avr6\libm.a(addsf3.o) (__fp_round)
c:/program files (x86)/atmel/studio/7.0/toolchain/avr8/avr8-gnu-toolchain/bin/../lib/gcc/avr/5.4.0/../../../../avr/lib/avr6\libm.a(fp_split3.o)
                              c:/program files (x86)/atmel/studio/7.0/toolchain/avr8/avr8-gnu-toolchain/bin/../lib/gcc/avr/5.4.0/../../../../avr/lib/avr6\libm.a(addsf3x.o) (__fp_split3)
c:/program files (x86)/atmel/studio/7.0/toolchain/avr8/avr8-gnu-toolchain/bin/../lib/gcc/avr/5.4.0/../../../../avr/lib/avr6\libm.a(fp_trunc.o)
                              c:/program files (x86)/atmel/studio/7.0/toolchain/avr8/avr8-gnu-toolchain/bin/../lib/gcc/avr/5.4.0/../../../../avr/lib/avr6\libm.a(floor.o) (__fp_trunc)
c:/program files (x86)/atmel/studio/7.0/toolchain/avr8/avr8-gnu-toolchain/bin/../lib/gcc/avr/5.4.0/../../../../avr/lib/avr6\libm.a(fp_zero.o)
                              c:/program files (x86)/atmel/studio/7.0/toolchain/avr8/avr8-gnu-toolchain/bin/../lib/gcc/avr/5.4.0/../../../../avr/lib/avr6\libm.a(addsf3x.o) (__fp_zero)
c:/program files (x86)/atmel/studio/7.0/toolchain/avr8/avr8-gnu-toolchain/bin/../lib/gcc/avr/5.4.0/../../../../avr/lib/avr6\libm.a(mulsf3.o)
                              Servo.o (__mulsf3)
c:/program files (x86)/atmel/studio/7.0/toolchain/avr8/avr8-gnu-toolchain/bin/../lib/gcc/avr/5.4.0/../../../../avr/lib/avr6\libm.a(mulsf3x.o)
                              c:/program files (x86)/atmel/studio/7.0/toolchain/avr8/avr8-gnu-toolchain/bin/../lib/gcc/avr/5.4.0/../../../../avr/lib/avr6\libm.a(mulsf3.o) (__mulsf3x)
c:/program files (x86)/atmel/studio/7.0/toolchain/avr8/avr8-gnu-toolchain/bin/../lib/gcc/avr/5.4.0/../../../../avr/lib/avr6\libm.a(pow.o)
                              SharpIR.o (pow)
c:/program files (x86)/atmel/studio/7.0/toolchain/avr8/avr8-gnu-toolchain/bin/../lib/gcc/avr/5.4.0/../../../../avr/lib/avr6\libm.a(exp.o)
                              c:/program files (x86)/atmel/studio/7.0/toolchain/avr8/avr8-gnu-toolchain/bin/../lib/gcc/avr/5.4.0/../../../../avr/lib/avr6\libm.a(pow.o) (exp)
c:/program files (x86)/atmel/studio/7.0/toolchain/avr8/avr8-gnu-toolchain/bin/../lib/gcc/avr/5.4.0/../../../../avr/lib/avr6\libm.a(fp_powser.o)
                              c:/program files (x86)/atmel/studio/7.0/toolchain/avr8/avr8-gnu-toolchain/bin/../lib/gcc/avr/5.4.0/../../../../avr/lib/avr6\libm.a(exp.o) (__fp_powser)
c:/program files (x86)/atmel/studio/7.0/toolchain/avr8/avr8-gnu-toolchain/bin/../lib/gcc/avr/5.4.0/../../../../avr/lib/avr6\libm.a(inverse.o)
                              c:/program files (x86)/atmel/studio/7.0/toolchain/avr8/avr8-gnu-toolchain/bin/../lib/gcc/avr/5.4.0/../../../../avr/lib/avr6\libm.a(exp.o) (inverse)
c:/program files (x86)/atmel/studio/7.0/toolchain/avr8/avr8-gnu-toolchain/bin/../lib/gcc/avr/5.4.0/../../../../avr/lib/avr6\libm.a(ldexp.o)
                              c:/program files (x86)/atmel/studio/7.0/toolchain/avr8/avr8-gnu-toolchain/bin/../lib/gcc/avr/5.4.0/../../../../avr/lib/avr6\libm.a(exp.o) (ldexp)
c:/program files (x86)/atmel/studio/7.0/toolchain/avr8/avr8-gnu-toolchain/bin/../lib/gcc/avr/5.4.0/../../../../avr/lib/avr6\libm.a(log.o)
                              c:/program files (x86)/atmel/studio/7.0/toolchain/avr8/avr8-gnu-toolchain/bin/../lib/gcc/avr/5.4.0/../../../../avr/lib/avr6\libm.a(pow.o) (log)
c:/program files (x86)/atmel/studio/7.0/toolchain/avr8/avr8-gnu-toolchain/bin/../lib/gcc/avr/5.4.0/../../../../avr/lib/avr6\libm.a(modf.o)
                              c:/program files (x86)/atmel/studio/7.0/toolchain/avr8/avr8-gnu-toolchain/bin/../lib/gcc/avr/5.4.0/../../../../avr/lib/avr6\libm.a(exp.o) (modf)
c:/program files (x86)/atmel/studio/7.0/toolchain/avr8/avr8-gnu-toolchain/bin/../lib/gcc/avr/5.4.0/avr6\libgcc.a(_exit.o)
                              C:/Program Files (x86)/Atmel/Studio/7.0/Packs/atmel/ATmega_DFP/1.2.150/gcc/dev/atmega2560/avr6/crtatmega2560.o (exit)
c:/program files (x86)/atmel/studio/7.0/toolchain/avr8/avr8-gnu-toolchain/bin/../lib/gcc/avr/5.4.0/avr6\libgcc.a(_clear_bss.o)
                              Arm.o (__do_clear_bss)
c:/program files (x86)/atmel/studio/7.0/toolchain/avr8/avr8-gnu-toolchain/bin/../lib/gcc/avr/5.4.0/avr6\libgcc.a(_umulhisi3.o)
                              LCD.o (__umulhisi3)

Allocating common symbols
Common symbol       size              file

us_dist_int1        0x2               Ultrasound.o
million             0x2               LCD.o
temp                0x2               LCD.o
us_dist_int2        0x2               Ultrasound.o
filter_array2       0xc               SharpIR.o
tens                0x2               LCD.o
filter_array3       0x4               Ultrasound.o
ADC_value2          0x1               SharpIR.o
hundred             0x2               LCD.o
filter_array4       0x4               Ultrasound.o
unit                0x2               LCD.o
thousand            0x2               LCD.o

Discarded input sections

 .data          0x00000000        0x0 C:/Program Files (x86)/Atmel/Studio/7.0/Packs/atmel/ATmega_DFP/1.2.150/gcc/dev/atmega2560/avr6/crtatmega2560.o
 .bss           0x00000000        0x0 C:/Program Files (x86)/Atmel/Studio/7.0/Packs/atmel/ATmega_DFP/1.2.150/gcc/dev/atmega2560/avr6/crtatmega2560.o
 .group         0x00000000        0x8 ADC.o
 .group         0x00000000        0x8 ADC.o
 .group         0x00000000        0x8 ADC.o
 .group         0x00000000        0x8 ADC.o
 .group         0x00000000        0x8 ADC.o
 .group         0x00000000        0x8 ADC.o
 .group         0x00000000        0x8 ADC.o
 .group         0x00000000        0x8 ADC.o
 .group         0x00000000        0x8 ADC.o
 .group         0x00000000        0x8 ADC.o
 .group         0x00000000        0x8 ADC.o
 .group         0x00000000        0x8 ADC.o
 .group         0x00000000        0x8 ADC.o
 .group         0x00000000        0x8 ADC.o
 .group         0x00000000        0x8 ADC.o
 .text          0x00000000        0x0 ADC.o
 .data          0x00000000        0x0 ADC.o
 .bss           0x00000000        0x0 ADC.o
 .group         0x00000000        0x8 Angle_fix_DH.o
 .group         0x00000000        0x8 Angle_fix_DH.o
 .group         0x00000000        0x8 Angle_fix_DH.o
 .group         0x00000000        0x8 Angle_fix_DH.o
 .group         0x00000000        0x8 Angle_fix_DH.o
 .group         0x00000000        0x8 Angle_fix_DH.o
 .group         0x00000000        0x8 Angle_fix_DH.o
 .group         0x00000000        0x8 Angle_fix_DH.o
 .group         0x00000000        0x8 Angle_fix_DH.o
 .group         0x00000000        0x8 Angle_fix_DH.o
 .group         0x00000000        0x8 Angle_fix_DH.o
 .group         0x00000000        0x8 Angle_fix_DH.o
 .group         0x00000000        0x8 Angle_fix_DH.o
 .group         0x00000000        0x8 Angle_fix_DH.o
 .group         0x00000000        0x8 Angle_fix_DH.o
 .group         0x00000000        0x8 Angle_fix_DH.o
 .group         0x00000000        0x8 Angle_fix_DH.o
 .group         0x00000000        0x8 Angle_fix_DH.o
 .text          0x00000000        0x0 Angle_fix_DH.o
 .data          0x00000000        0x0 Angle_fix_DH.o
 .bss           0x00000000        0x0 Angle_fix_DH.o
 .debug_macro   0x00000000      0xa78 Angle_fix_DH.o
 .debug_macro   0x00000000       0x10 Angle_fix_DH.o
 .debug_macro   0x00000000      0x1c9 Angle_fix_DH.o
 .debug_macro   0x00000000      0x2fc Angle_fix_DH.o
 .debug_macro   0x00000000       0x9e Angle_fix_DH.o
 .debug_macro   0x00000000     0x1ecb Angle_fix_DH.o
 .debug_macro   0x00000000      0x100 Angle_fix_DH.o
 .debug_macro   0x00000000      0x2ea Angle_fix_DH.o
 .debug_macro   0x00000000       0xd9 Angle_fix_DH.o
 .debug_macro   0x00000000       0x34 Angle_fix_DH.o
 .debug_macro   0x00000000       0x18 Angle_fix_DH.o
 .debug_macro   0x00000000       0x6c Angle_fix_DH.o
 .debug_macro   0x00000000       0x69 Angle_fix_DH.o
 .debug_macro   0x00000000       0x10 Angle_fix_DH.o
 .debug_macro   0x00000000      0x166 Angle_fix_DH.o
 .group         0x00000000        0x8 Arm.o
 .group         0x00000000        0x8 Arm.o
 .group         0x00000000        0x8 Arm.o
 .group         0x00000000        0x8 Arm.o
 .group         0x00000000        0x8 Arm.o
 .group         0x00000000        0x8 Arm.o
 .group         0x00000000        0x8 Arm.o
 .group         0x00000000        0x8 Arm.o
 .group         0x00000000        0x8 Arm.o
 .group         0x00000000        0x8 Arm.o
 .group         0x00000000        0x8 Arm.o
 .group         0x00000000        0x8 Arm.o
 .group         0x00000000        0x8 Arm.o
 .group         0x00000000        0x8 Arm.o
 .group         0x00000000        0x8 Arm.o
 .text          0x00000000        0x0 Arm.o
 .data          0x00000000        0x0 Arm.o
 .bss           0x00000000        0x0 Arm.o
 .debug_macro   0x00000000      0xa78 Arm.o
 .debug_macro   0x00000000       0x10 Arm.o
 .debug_macro   0x00000000      0x1c9 Arm.o
 .debug_macro   0x00000000      0x2fc Arm.o
 .debug_macro   0x00000000       0x9e Arm.o
 .debug_macro   0x00000000     0x1ecb Arm.o
 .debug_macro   0x00000000      0x100 Arm.o
 .debug_macro   0x00000000      0x2ea Arm.o
 .debug_macro   0x00000000       0xd9 Arm.o
 .debug_macro   0x00000000       0x34 Arm.o
 .debug_macro   0x00000000       0x18 Arm.o
 .debug_macro   0x00000000       0x6c Arm.o
 .debug_macro   0x00000000       0x69 Arm.o
 .debug_macro   0x00000000       0x10 Arm.o
 .debug_macro   0x00000000      0x166 Arm.o
 .group         0x00000000        0x8 Buzzer.o
 .group         0x00000000        0x8 Buzzer.o
 .group         0x00000000        0x8 Buzzer.o
 .group         0x00000000        0x8 Buzzer.o
 .group         0x00000000        0x8 Buzzer.o
 .group         0x00000000        0x8 Buzzer.o
 .group         0x00000000        0x8 Buzzer.o
 .group         0x00000000        0x8 Buzzer.o
 .group         0x00000000        0x8 Buzzer.o
 .group         0x00000000        0x8 Buzzer.o
 .group         0x00000000        0x8 Buzzer.o
 .group         0x00000000        0x8 Buzzer.o
 .group         0x00000000        0x8 Buzzer.o
 .group         0x00000000        0x8 Buzzer.o
 .group         0x00000000        0x8 Buzzer.o
 .text          0x00000000        0x0 Buzzer.o
 .data          0x00000000        0x0 Buzzer.o
 .bss           0x00000000        0x0 Buzzer.o
 .text.buzzer_on
                0x00000000        0x8 Buzzer.o
 .text.buzzer_off
                0x00000000        0x8 Buzzer.o
 .debug_macro   0x00000000      0xa78 Buzzer.o
 .debug_macro   0x00000000       0x10 Buzzer.o
 .debug_macro   0x00000000      0x1c9 Buzzer.o
 .debug_macro   0x00000000      0x2fc Buzzer.o
 .debug_macro   0x00000000       0x9e Buzzer.o
 .debug_macro   0x00000000     0x1ecb Buzzer.o
 .debug_macro   0x00000000      0x100 Buzzer.o
 .debug_macro   0x00000000      0x2ea Buzzer.o
 .debug_macro   0x00000000       0xd9 Buzzer.o
 .debug_macro   0x00000000       0x34 Buzzer.o
 .debug_macro   0x00000000       0x18 Buzzer.o
 .debug_macro   0x00000000       0x6c Buzzer.o
 .debug_macro   0x00000000       0x69 Buzzer.o
 .debug_macro   0x00000000       0x10 Buzzer.o
 .debug_macro   0x00000000      0x166 Buzzer.o
 .group         0x00000000        0x8 Firebird.o
 .group         0x00000000        0x8 Firebird.o
 .group         0x00000000        0x8 Firebird.o
 .group         0x00000000        0x8 Firebird.o
 .group         0x00000000        0x8 Firebird.o
 .group         0x00000000        0x8 Firebird.o
 .group         0x00000000        0x8 Firebird.o
 .group         0x00000000        0x8 Firebird.o
 .group         0x00000000        0x8 Firebird.o
 .group         0x00000000        0x8 Firebird.o
 .group         0x00000000        0x8 Firebird.o
 .group         0x00000000        0x8 Firebird.o
 .group         0x00000000        0x8 Firebird.o
 .group         0x00000000        0x8 Firebird.o
 .group         0x00000000        0x8 Firebird.o
 .text          0x00000000        0x0 Firebird.o
 .data          0x00000000        0x0 Firebird.o
 .bss           0x00000000        0x0 Firebird.o
 .debug_macro   0x00000000      0xa78 Firebird.o
 .debug_macro   0x00000000       0x10 Firebird.o
 .debug_macro   0x00000000      0x1c9 Firebird.o
 .debug_macro   0x00000000      0x2fc Firebird.o
 .debug_macro   0x00000000       0x9e Firebird.o
 .debug_macro   0x00000000     0x1ecb Firebird.o
 .debug_macro   0x00000000      0x100 Firebird.o
 .debug_macro   0x00000000      0x2ea Firebird.o
 .debug_macro   0x00000000       0xd9 Firebird.o
 .debug_macro   0x00000000       0x34 Firebird.o
 .debug_macro   0x00000000       0x18 Firebird.o
 .debug_macro   0x00000000       0x6c Firebird.o
 .debug_macro   0x00000000       0x69 Firebird.o
 .debug_macro   0x00000000       0x10 Firebird.o
 .debug_macro   0x00000000      0x166 Firebird.o
 .group         0x00000000        0x8 LCD.o
 .group         0x00000000        0x8 LCD.o
 .group         0x00000000        0x8 LCD.o
 .group         0x00000000        0x8 LCD.o
 .group         0x00000000        0x8 LCD.o
 .group         0x00000000        0x8 LCD.o
 .group         0x00000000        0x8 LCD.o
 .group         0x00000000        0x8 LCD.o
 .group         0x00000000        0x8 LCD.o
 .group         0x00000000        0x8 LCD.o
 .group         0x00000000        0x8 LCD.o
 .group         0x00000000        0x8 LCD.o
 .group         0x00000000        0x8 LCD.o
 .group         0x00000000        0x8 LCD.o
 .group         0x00000000        0x8 LCD.o
 .text          0x00000000        0x0 LCD.o
 .data          0x00000000        0x0 LCD.o
 .bss           0x00000000        0x0 LCD.o
 .text.lcd_string
                0x00000000       0x1e LCD.o
 .debug_macro   0x00000000      0xa78 LCD.o
 .debug_macro   0x00000000       0x10 LCD.o
 .debug_macro   0x00000000      0x1c9 LCD.o
 .debug_macro   0x00000000      0x2fc LCD.o
 .debug_macro   0x00000000       0x9e LCD.o
 .debug_macro   0x00000000     0x1ecb LCD.o
 .debug_macro   0x00000000      0x100 LCD.o
 .debug_macro   0x00000000      0x2ea LCD.o
 .debug_macro   0x00000000       0xd9 LCD.o
 .debug_macro   0x00000000       0x34 LCD.o
 .debug_macro   0x00000000       0x18 LCD.o
 .debug_macro   0x00000000       0x6c LCD.o
 .debug_macro   0x00000000       0x69 LCD.o
 .debug_macro   0x00000000       0x10 LCD.o
 .debug_macro   0x00000000      0x166 LCD.o
 .group         0x00000000        0x8 MOPBOT.o
 .group         0x00000000        0x8 MOPBOT.o
 .group         0x00000000        0x8 MOPBOT.o
 .group         0x00000000        0x8 MOPBOT.o
 .group         0x00000000        0x8 MOPBOT.o
 .group         0x00000000        0x8 MOPBOT.o
 .group         0x00000000        0x8 MOPBOT.o
 .group         0x00000000        0x8 MOPBOT.o
 .group         0x00000000        0x8 MOPBOT.o
 .group         0x00000000        0x8 MOPBOT.o
 .group         0x00000000        0x8 MOPBOT.o
 .group         0x00000000        0x8 MOPBOT.o
 .group         0x00000000        0x8 MOPBOT.o
 .group         0x00000000        0x8 MOPBOT.o
 .group         0x00000000        0x8 MOPBOT.o
 .text          0x00000000        0x0 MOPBOT.o
 .data          0x00000000        0x0 MOPBOT.o
 .bss           0x00000000        0x0 MOPBOT.o
 .debug_macro   0x00000000      0xa78 MOPBOT.o
 .debug_macro   0x00000000       0x10 MOPBOT.o
 .debug_macro   0x00000000      0x1c9 MOPBOT.o
 .debug_macro   0x00000000      0x2fc MOPBOT.o
 .debug_macro   0x00000000       0x9e MOPBOT.o
 .debug_macro   0x00000000     0x1ecb MOPBOT.o
 .debug_macro   0x00000000      0x100 MOPBOT.o
 .debug_macro   0x00000000      0x2ea MOPBOT.o
 .debug_macro   0x00000000       0xd9 MOPBOT.o
 .debug_macro   0x00000000       0x34 MOPBOT.o
 .debug_macro   0x00000000       0x18 MOPBOT.o
 .debug_macro   0x00000000       0x6c MOPBOT.o
 .debug_macro   0x00000000       0x69 MOPBOT.o
 .debug_macro   0x00000000       0x10 MOPBOT.o
 .debug_macro   0x00000000      0x166 MOPBOT.o
 .group         0x00000000        0x8 Motor.o
 .group         0x00000000        0x8 Motor.o
 .group         0x00000000        0x8 Motor.o
 .group         0x00000000        0x8 Motor.o
 .group         0x00000000        0x8 Motor.o
 .group         0x00000000        0x8 Motor.o
 .group         0x00000000        0x8 Motor.o
 .group         0x00000000        0x8 Motor.o
 .group         0x00000000        0x8 Motor.o
 .group         0x00000000        0x8 Motor.o
 .group         0x00000000        0x8 Motor.o
 .group         0x00000000        0x8 Motor.o
 .group         0x00000000        0x8 Motor.o
 .group         0x00000000        0x8 Motor.o
 .group         0x00000000        0x8 Motor.o
 .text          0x00000000        0x0 Motor.o
 .data          0x00000000        0x0 Motor.o
 .bss           0x00000000        0x0 Motor.o
 .text.velocity
                0x00000000        0xa Motor.o
 .text.left     0x00000000        0x8 Motor.o
 .text.stop     0x00000000        0x8 Motor.o
 .debug_macro   0x00000000      0xa78 Motor.o
 .debug_macro   0x00000000       0x10 Motor.o
 .debug_macro   0x00000000      0x1c9 Motor.o
 .debug_macro   0x00000000      0x2fc Motor.o
 .debug_macro   0x00000000       0x9e Motor.o
 .debug_macro   0x00000000     0x1ecb Motor.o
 .debug_macro   0x00000000      0x100 Motor.o
 .debug_macro   0x00000000      0x2ea Motor.o
 .debug_macro   0x00000000       0xd9 Motor.o
 .debug_macro   0x00000000       0x34 Motor.o
 .debug_macro   0x00000000       0x18 Motor.o
 .debug_macro   0x00000000       0x6c Motor.o
 .debug_macro   0x00000000       0x69 Motor.o
 .debug_macro   0x00000000       0x10 Motor.o
 .debug_macro   0x00000000      0x166 Motor.o
 .group         0x00000000        0x8 PID.o
 .group         0x00000000        0x8 PID.o
 .group         0x00000000        0x8 PID.o
 .group         0x00000000        0x8 PID.o
 .group         0x00000000        0x8 PID.o
 .group         0x00000000        0x8 PID.o
 .group         0x00000000        0x8 PID.o
 .group         0x00000000        0x8 PID.o
 .group         0x00000000        0x8 PID.o
 .group         0x00000000        0x8 PID.o
 .group         0x00000000        0x8 PID.o
 .group         0x00000000        0x8 PID.o
 .group         0x00000000        0x8 PID.o
 .group         0x00000000        0x8 PID.o
 .group         0x00000000        0x8 PID.o
 .text          0x00000000        0x0 PID.o
 .data          0x00000000        0x0 PID.o
 .bss           0x00000000        0x0 PID.o
 .debug_macro   0x00000000      0xa78 PID.o
 .debug_macro   0x00000000       0x10 PID.o
 .debug_macro   0x00000000      0x1c9 PID.o
 .debug_macro   0x00000000      0x2fc PID.o
 .debug_macro   0x00000000       0x9e PID.o
 .debug_macro   0x00000000     0x1ecb PID.o
 .debug_macro   0x00000000      0x100 PID.o
 .debug_macro   0x00000000      0x2ea PID.o
 .debug_macro   0x00000000       0xd9 PID.o
 .debug_macro   0x00000000       0x34 PID.o
 .debug_macro   0x00000000       0x18 PID.o
 .debug_macro   0x00000000       0x6c PID.o
 .debug_macro   0x00000000       0x69 PID.o
 .debug_macro   0x00000000       0x10 PID.o
 .debug_macro   0x00000000      0x166 PID.o
 .group         0x00000000        0x8 Servo.o
 .group         0x00000000        0x8 Servo.o
 .group         0x00000000        0x8 Servo.o
 .group         0x00000000        0x8 Servo.o
 .group         0x00000000        0x8 Servo.o
 .group         0x00000000        0x8 Servo.o
 .group         0x00000000        0x8 Servo.o
 .group         0x00000000        0x8 Servo.o
 .group         0x00000000        0x8 Servo.o
 .group         0x00000000        0x8 Servo.o
 .group         0x00000000        0x8 Servo.o
 .group         0x00000000        0x8 Servo.o
 .group         0x00000000        0x8 Servo.o
 .group         0x00000000        0x8 Servo.o
 .group         0x00000000        0x8 Servo.o
 .text          0x00000000        0x0 Servo.o
 .data          0x00000000        0x0 Servo.o
 .bss           0x00000000        0x0 Servo.o
 .debug_macro   0x00000000      0xa78 Servo.o
 .debug_macro   0x00000000       0x10 Servo.o
 .debug_macro   0x00000000      0x1c9 Servo.o
 .debug_macro   0x00000000      0x2fc Servo.o
 .debug_macro   0x00000000       0x9e Servo.o
 .debug_macro   0x00000000     0x1ecb Servo.o
 .debug_macro   0x00000000      0x100 Servo.o
 .debug_macro   0x00000000      0x2ea Servo.o
 .debug_macro   0x00000000       0xd9 Servo.o
 .debug_macro   0x00000000       0x34 Servo.o
 .debug_macro   0x00000000       0x18 Servo.o
 .debug_macro   0x00000000       0x6c Servo.o
 .debug_macro   0x00000000       0x69 Servo.o
 .debug_macro   0x00000000       0x10 Servo.o
 .debug_macro   0x00000000      0x166 Servo.o
 .group         0x00000000        0x8 SharpIR.o
 .group         0x00000000        0x8 SharpIR.o
 .group         0x00000000        0x8 SharpIR.o
 .group         0x00000000        0x8 SharpIR.o
 .group         0x00000000        0x8 SharpIR.o
 .group         0x00000000        0x8 SharpIR.o
 .group         0x00000000        0x8 SharpIR.o
 .group         0x00000000        0x8 SharpIR.o
 .group         0x00000000        0x8 SharpIR.o
 .group         0x00000000        0x8 SharpIR.o
 .group         0x00000000        0x8 SharpIR.o
 .group         0x00000000        0x8 SharpIR.o
 .group         0x00000000        0x8 SharpIR.o
 .group         0x00000000        0x8 SharpIR.o
 .group         0x00000000        0x8 SharpIR.o
 .text          0x00000000        0x0 SharpIR.o
 .data          0x00000000        0x0 SharpIR.o
 .bss           0x00000000        0x0 SharpIR.o
 .debug_macro   0x00000000      0xa78 SharpIR.o
 .debug_macro   0x00000000       0x10 SharpIR.o
 .debug_macro   0x00000000      0x1c9 SharpIR.o
 .debug_macro   0x00000000      0x2fc SharpIR.o
 .debug_macro   0x00000000       0x9e SharpIR.o
 .debug_macro   0x00000000     0x1ecb SharpIR.o
 .debug_macro   0x00000000      0x100 SharpIR.o
 .debug_macro   0x00000000      0x2ea SharpIR.o
 .debug_macro   0x00000000       0xd9 SharpIR.o
 .debug_macro   0x00000000       0x34 SharpIR.o
 .debug_macro   0x00000000       0x18 SharpIR.o
 .debug_macro   0x00000000       0x6c SharpIR.o
 .debug_macro   0x00000000       0x69 SharpIR.o
 .debug_macro   0x00000000       0x10 SharpIR.o
 .debug_macro   0x00000000      0x166 SharpIR.o
 .group         0x00000000        0x8 Timers.o
 .group         0x00000000        0x8 Timers.o
 .group         0x00000000        0x8 Timers.o
 .group         0x00000000        0x8 Timers.o
 .group         0x00000000        0x8 Timers.o
 .group         0x00000000        0x8 Timers.o
 .group         0x00000000        0x8 Timers.o
 .group         0x00000000        0x8 Timers.o
 .group         0x00000000        0x8 Timers.o
 .group         0x00000000        0x8 Timers.o
 .group         0x00000000        0x8 Timers.o
 .group         0x00000000        0x8 Timers.o
 .group         0x00000000        0x8 Timers.o
 .group         0x00000000        0x8 Timers.o
 .group         0x00000000        0x8 Timers.o
 .text          0x00000000        0x0 Timers.o
 .data          0x00000000        0x0 Timers.o
 .bss           0x00000000        0x0 Timers.o
 .debug_macro   0x00000000      0xa78 Timers.o
 .debug_macro   0x00000000       0x10 Timers.o
 .debug_macro   0x00000000      0x1c9 Timers.o
 .debug_macro   0x00000000      0x2fc Timers.o
 .debug_macro   0x00000000       0x9e Timers.o
 .debug_macro   0x00000000     0x1ecb Timers.o
 .debug_macro   0x00000000      0x100 Timers.o
 .debug_macro   0x00000000      0x2ea Timers.o
 .debug_macro   0x00000000       0xd9 Timers.o
 .debug_macro   0x00000000       0x34 Timers.o
 .debug_macro   0x00000000       0x18 Timers.o
 .debug_macro   0x00000000       0x6c Timers.o
 .debug_macro   0x00000000       0x69 Timers.o
 .debug_macro   0x00000000       0x10 Timers.o
 .debug_macro   0x00000000      0x166 Timers.o
 .group         0x00000000        0x8 Ultrasound.o
 .group         0x00000000        0x8 Ultrasound.o
 .group         0x00000000        0x8 Ultrasound.o
 .group         0x00000000        0x8 Ultrasound.o
 .group         0x00000000        0x8 Ultrasound.o
 .group         0x00000000        0x8 Ultrasound.o
 .group         0x00000000        0x8 Ultrasound.o
 .group         0x00000000        0x8 Ultrasound.o
 .group         0x00000000        0x8 Ultrasound.o
 .group         0x00000000        0x8 Ultrasound.o
 .group         0x00000000        0x8 Ultrasound.o
 .group         0x00000000        0x8 Ultrasound.o
 .group         0x00000000        0x8 Ultrasound.o
 .group         0x00000000        0x8 Ultrasound.o
 .group         0x00000000        0x8 Ultrasound.o
 .text          0x00000000        0x0 Ultrasound.o
 .data          0x00000000        0x0 Ultrasound.o
 .bss           0x00000000        0x0 Ultrasound.o
 .bss.dist4     0x00000000        0x4 Ultrasound.o
 .bss.count2    0x00000000        0x2 Ultrasound.o
 .bss.dist3     0x00000000        0x4 Ultrasound.o
 .bss.count1    0x00000000        0x2 Ultrasound.o
 .debug_macro   0x00000000      0xa78 Ultrasound.o
 .debug_macro   0x00000000       0x10 Ultrasound.o
 .debug_macro   0x00000000      0x1c9 Ultrasound.o
 .debug_macro   0x00000000      0x2fc Ultrasound.o
 .debug_macro   0x00000000       0x9e Ultrasound.o
 .debug_macro   0x00000000     0x1ecb Ultrasound.o
 .debug_macro   0x00000000      0x100 Ultrasound.o
 .debug_macro   0x00000000      0x2ea Ultrasound.o
 .debug_macro   0x00000000       0xd9 Ultrasound.o
 .debug_macro   0x00000000       0x34 Ultrasound.o
 .debug_macro   0x00000000       0x18 Ultrasound.o
 .debug_macro   0x00000000       0x6c Ultrasound.o
 .debug_macro   0x00000000       0x69 Ultrasound.o
 .debug_macro   0x00000000       0x10 Ultrasound.o
 .debug_macro   0x00000000      0x166 Ultrasound.o
 .group         0x00000000        0x8 src/ASF/mega/boards/stk600/rcx_x/init.o
 .group         0x00000000        0x8 src/ASF/mega/boards/stk600/rcx_x/init.o
 .group         0x00000000        0x8 src/ASF/mega/boards/stk600/rcx_x/init.o
 .group         0x00000000        0x8 src/ASF/mega/boards/stk600/rcx_x/init.o
 .group         0x00000000        0x8 src/ASF/mega/boards/stk600/rcx_x/init.o
 .group         0x00000000        0x8 src/ASF/mega/boards/stk600/rcx_x/init.o
 .group         0x00000000        0x8 src/ASF/mega/boards/stk600/rcx_x/init.o
 .group         0x00000000        0x8 src/ASF/mega/boards/stk600/rcx_x/init.o
 .group         0x00000000        0x8 src/ASF/mega/boards/stk600/rcx_x/init.o
 .group         0x00000000        0x8 src/ASF/mega/boards/stk600/rcx_x/init.o
 .group         0x00000000        0x8 src/ASF/mega/boards/stk600/rcx_x/init.o
 .group         0x00000000        0x8 src/ASF/mega/boards/stk600/rcx_x/init.o
 .group         0x00000000        0x8 src/ASF/mega/boards/stk600/rcx_x/init.o
 .group         0x00000000        0x8 src/ASF/mega/boards/stk600/rcx_x/init.o
 .group         0x00000000        0x8 src/ASF/mega/boards/stk600/rcx_x/init.o
 .group         0x00000000        0x8 src/ASF/mega/boards/stk600/rcx_x/init.o
 .group         0x00000000        0x8 src/ASF/mega/boards/stk600/rcx_x/init.o
 .group         0x00000000        0x8 src/ASF/mega/boards/stk600/rcx_x/init.o
 .group         0x00000000        0x8 src/ASF/mega/boards/stk600/rcx_x/init.o
 .group         0x00000000        0x8 src/ASF/mega/boards/stk600/rcx_x/init.o
 .group         0x00000000        0x8 src/ASF/mega/boards/stk600/rcx_x/init.o
 .group         0x00000000        0x8 src/ASF/mega/boards/stk600/rcx_x/init.o
 .group         0x00000000        0x8 src/ASF/mega/boards/stk600/rcx_x/init.o
 .group         0x00000000        0x8 src/ASF/mega/boards/stk600/rcx_x/init.o
 .group         0x00000000        0x8 src/ASF/mega/boards/stk600/rcx_x/init.o
 .group         0x00000000        0x8 src/ASF/mega/boards/stk600/rcx_x/init.o
 .text          0x00000000        0x0 src/ASF/mega/boards/stk600/rcx_x/init.o
 .data          0x00000000        0x0 src/ASF/mega/boards/stk600/rcx_x/init.o
 .bss           0x00000000        0x0 src/ASF/mega/boards/stk600/rcx_x/init.o
 .text.board_init
                0x00000000        0x2 src/ASF/mega/boards/stk600/rcx_x/init.o
 .debug_info    0x00000000       0x7c src/ASF/mega/boards/stk600/rcx_x/init.o
 .debug_abbrev  0x00000000       0x47 src/ASF/mega/boards/stk600/rcx_x/init.o
 .debug_aranges
                0x00000000       0x20 src/ASF/mega/boards/stk600/rcx_x/init.o
 .debug_ranges  0x00000000       0x10 src/ASF/mega/boards/stk600/rcx_x/init.o
 .debug_macro   0x00000000      0x143 src/ASF/mega/boards/stk600/rcx_x/init.o
 .debug_macro   0x00000000      0xa78 src/ASF/mega/boards/stk600/rcx_x/init.o
 .debug_macro   0x00000000       0x10 src/ASF/mega/boards/stk600/rcx_x/init.o
 .debug_macro   0x00000000      0x1c9 src/ASF/mega/boards/stk600/rcx_x/init.o
 .debug_macro   0x00000000      0x2fc src/ASF/mega/boards/stk600/rcx_x/init.o
 .debug_macro   0x00000000       0x9e src/ASF/mega/boards/stk600/rcx_x/init.o
 .debug_macro   0x00000000     0x1ecb src/ASF/mega/boards/stk600/rcx_x/init.o
 .debug_macro   0x00000000      0x100 src/ASF/mega/boards/stk600/rcx_x/init.o
 .debug_macro   0x00000000      0x2ea src/ASF/mega/boards/stk600/rcx_x/init.o
 .debug_macro   0x00000000       0xd9 src/ASF/mega/boards/stk600/rcx_x/init.o
 .debug_macro   0x00000000       0x34 src/ASF/mega/boards/stk600/rcx_x/init.o
 .debug_macro   0x00000000       0x18 src/ASF/mega/boards/stk600/rcx_x/init.o
 .debug_macro   0x00000000       0x6c src/ASF/mega/boards/stk600/rcx_x/init.o
 .debug_macro   0x00000000       0x22 src/ASF/mega/boards/stk600/rcx_x/init.o
 .debug_macro   0x00000000      0x16d src/ASF/mega/boards/stk600/rcx_x/init.o
 .debug_macro   0x00000000       0x1c src/ASF/mega/boards/stk600/rcx_x/init.o
 .debug_macro   0x00000000       0x35 src/ASF/mega/boards/stk600/rcx_x/init.o
 .debug_macro   0x00000000       0x66 src/ASF/mega/boards/stk600/rcx_x/init.o
 .debug_macro   0x00000000      0x64b src/ASF/mega/boards/stk600/rcx_x/init.o
 .debug_macro   0x00000000       0x44 src/ASF/mega/boards/stk600/rcx_x/init.o
 .debug_macro   0x00000000       0x69 src/ASF/mega/boards/stk600/rcx_x/init.o
 .debug_macro   0x00000000       0x2c src/ASF/mega/boards/stk600/rcx_x/init.o
 .debug_macro   0x00000000       0x10 src/ASF/mega/boards/stk600/rcx_x/init.o
 .debug_macro   0x00000000      0x175 src/ASF/mega/boards/stk600/rcx_x/init.o
 .debug_macro   0x00000000       0x40 src/ASF/mega/boards/stk600/rcx_x/init.o
 .debug_macro   0x00000000      0x100 src/ASF/mega/boards/stk600/rcx_x/init.o
 .debug_macro   0x00000000      0x2c0 src/ASF/mega/boards/stk600/rcx_x/init.o
 .debug_line    0x00000000      0x36e src/ASF/mega/boards/stk600/rcx_x/init.o
 .debug_str     0x00000000    0x12925 src/ASF/mega/boards/stk600/rcx_x/init.o
 .comment       0x00000000       0x31 src/ASF/mega/boards/stk600/rcx_x/init.o
 .debug_frame   0x00000000       0x24 src/ASF/mega/boards/stk600/rcx_x/init.o
 .text          0x00000000        0x0 c:/program files (x86)/atmel/studio/7.0/toolchain/avr8/avr8-gnu-toolchain/bin/../lib/gcc/avr/5.4.0/../../../../avr/lib/avr6\libm.a(addsf3.o)
 .data          0x00000000        0x0 c:/program files (x86)/atmel/studio/7.0/toolchain/avr8/avr8-gnu-toolchain/bin/../lib/gcc/avr/5.4.0/../../../../avr/lib/avr6\libm.a(addsf3.o)
 .bss           0x00000000        0x0 c:/program files (x86)/atmel/studio/7.0/toolchain/avr8/avr8-gnu-toolchain/bin/../lib/gcc/avr/5.4.0/../../../../avr/lib/avr6\libm.a(addsf3.o)
 .text          0x00000000        0x0 c:/program files (x86)/atmel/studio/7.0/toolchain/avr8/avr8-gnu-toolchain/bin/../lib/gcc/avr/5.4.0/../../../../avr/lib/avr6\libm.a(addsf3x.o)
 .data          0x00000000        0x0 c:/program files (x86)/atmel/studio/7.0/toolchain/avr8/avr8-gnu-toolchain/bin/../lib/gcc/avr/5.4.0/../../../../avr/lib/avr6\libm.a(addsf3x.o)
 .bss           0x00000000        0x0 c:/program files (x86)/atmel/studio/7.0/toolchain/avr8/avr8-gnu-toolchain/bin/../lib/gcc/avr/5.4.0/../../../../avr/lib/avr6\libm.a(addsf3x.o)
 .text          0x00000000        0x0 c:/program files (x86)/atmel/studio/7.0/toolchain/avr8/avr8-gnu-toolchain/bin/../lib/gcc/avr/5.4.0/../../../../avr/lib/avr6\libm.a(divsf3.o)
 .data          0x00000000        0x0 c:/program files (x86)/atmel/studio/7.0/toolchain/avr8/avr8-gnu-toolchain/bin/../lib/gcc/avr/5.4.0/../../../../avr/lib/avr6\libm.a(divsf3.o)
 .bss           0x00000000        0x0 c:/program files (x86)/atmel/studio/7.0/toolchain/avr8/avr8-gnu-toolchain/bin/../lib/gcc/avr/5.4.0/../../../../avr/lib/avr6\libm.a(divsf3.o)
 .text          0x00000000        0x0 c:/program files (x86)/atmel/studio/7.0/toolchain/avr8/avr8-gnu-toolchain/bin/../lib/gcc/avr/5.4.0/../../../../avr/lib/avr6\libm.a(divsf3x.o)
 .data          0x00000000        0x0 c:/program files (x86)/atmel/studio/7.0/toolchain/avr8/avr8-gnu-toolchain/bin/../lib/gcc/avr/5.4.0/../../../../avr/lib/avr6\libm.a(divsf3x.o)
 .bss           0x00000000        0x0 c:/program files (x86)/atmel/studio/7.0/toolchain/avr8/avr8-gnu-toolchain/bin/../lib/gcc/avr/5.4.0/../../../../avr/lib/avr6\libm.a(divsf3x.o)
 .text          0x00000000        0x0 c:/program files (x86)/atmel/studio/7.0/toolchain/avr8/avr8-gnu-toolchain/bin/../lib/gcc/avr/5.4.0/../../../../avr/lib/avr6\libm.a(fixsfsi.o)
 .data          0x00000000        0x0 c:/program files (x86)/atmel/studio/7.0/toolchain/avr8/avr8-gnu-toolchain/bin/../lib/gcc/avr/5.4.0/../../../../avr/lib/avr6\libm.a(fixsfsi.o)
 .bss           0x00000000        0x0 c:/program files (x86)/atmel/studio/7.0/toolchain/avr8/avr8-gnu-toolchain/bin/../lib/gcc/avr/5.4.0/../../../../avr/lib/avr6\libm.a(fixsfsi.o)
 .text          0x00000000        0x0 c:/program files (x86)/atmel/studio/7.0/toolchain/avr8/avr8-gnu-toolchain/bin/../lib/gcc/avr/5.4.0/../../../../avr/lib/avr6\libm.a(fixunssfsi.o)
 .data          0x00000000        0x0 c:/program files (x86)/atmel/studio/7.0/toolchain/avr8/avr8-gnu-toolchain/bin/../lib/gcc/avr/5.4.0/../../../../avr/lib/avr6\libm.a(fixunssfsi.o)
 .bss           0x00000000        0x0 c:/program files (x86)/atmel/studio/7.0/toolchain/avr8/avr8-gnu-toolchain/bin/../lib/gcc/avr/5.4.0/../../../../avr/lib/avr6\libm.a(fixunssfsi.o)
 .text          0x00000000        0x0 c:/program files (x86)/atmel/studio/7.0/toolchain/avr8/avr8-gnu-toolchain/bin/../lib/gcc/avr/5.4.0/../../../../avr/lib/avr6\libm.a(floatsisf.o)
 .data          0x00000000        0x0 c:/program files (x86)/atmel/studio/7.0/toolchain/avr8/avr8-gnu-toolchain/bin/../lib/gcc/avr/5.4.0/../../../../avr/lib/avr6\libm.a(floatsisf.o)
 .bss           0x00000000        0x0 c:/program files (x86)/atmel/studio/7.0/toolchain/avr8/avr8-gnu-toolchain/bin/../lib/gcc/avr/5.4.0/../../../../avr/lib/avr6\libm.a(floatsisf.o)
 .text          0x00000000        0x0 c:/program files (x86)/atmel/studio/7.0/toolchain/avr8/avr8-gnu-toolchain/bin/../lib/gcc/avr/5.4.0/../../../../avr/lib/avr6\libm.a(floor.o)
 .data          0x00000000        0x0 c:/program files (x86)/atmel/studio/7.0/toolchain/avr8/avr8-gnu-toolchain/bin/../lib/gcc/avr/5.4.0/../../../../avr/lib/avr6\libm.a(floor.o)
 .bss           0x00000000        0x0 c:/program files (x86)/atmel/studio/7.0/toolchain/avr8/avr8-gnu-toolchain/bin/../lib/gcc/avr/5.4.0/../../../../avr/lib/avr6\libm.a(floor.o)
 .text          0x00000000        0x0 c:/program files (x86)/atmel/studio/7.0/toolchain/avr8/avr8-gnu-toolchain/bin/../lib/gcc/avr/5.4.0/../../../../avr/lib/avr6\libm.a(fmin.o)
 .data          0x00000000        0x0 c:/program files (x86)/atmel/studio/7.0/toolchain/avr8/avr8-gnu-toolchain/bin/../lib/gcc/avr/5.4.0/../../../../avr/lib/avr6\libm.a(fmin.o)
 .bss           0x00000000        0x0 c:/program files (x86)/atmel/studio/7.0/toolchain/avr8/avr8-gnu-toolchain/bin/../lib/gcc/avr/5.4.0/../../../../avr/lib/avr6\libm.a(fmin.o)
 .text          0x00000000        0x0 c:/program files (x86)/atmel/studio/7.0/toolchain/avr8/avr8-gnu-toolchain/bin/../lib/gcc/avr/5.4.0/../../../../avr/lib/avr6\libm.a(fp_inf.o)
 .data          0x00000000        0x0 c:/program files (x86)/atmel/studio/7.0/toolchain/avr8/avr8-gnu-toolchain/bin/../lib/gcc/avr/5.4.0/../../../../avr/lib/avr6\libm.a(fp_inf.o)
 .bss           0x00000000        0x0 c:/program files (x86)/atmel/studio/7.0/toolchain/avr8/avr8-gnu-toolchain/bin/../lib/gcc/avr/5.4.0/../../../../avr/lib/avr6\libm.a(fp_inf.o)
 .text          0x00000000        0x0 c:/program files (x86)/atmel/studio/7.0/toolchain/avr8/avr8-gnu-toolchain/bin/../lib/gcc/avr/5.4.0/../../../../avr/lib/avr6\libm.a(fp_mintl.o)
 .data          0x00000000        0x0 c:/program files (x86)/atmel/studio/7.0/toolchain/avr8/avr8-gnu-toolchain/bin/../lib/gcc/avr/5.4.0/../../../../avr/lib/avr6\libm.a(fp_mintl.o)
 .bss           0x00000000        0x0 c:/program files (x86)/atmel/studio/7.0/toolchain/avr8/avr8-gnu-toolchain/bin/../lib/gcc/avr/5.4.0/../../../../avr/lib/avr6\libm.a(fp_mintl.o)
 .text          0x00000000        0x0 c:/program files (x86)/atmel/studio/7.0/toolchain/avr8/avr8-gnu-toolchain/bin/../lib/gcc/avr/5.4.0/../../../../avr/lib/avr6\libm.a(fp_mpack.o)
 .data          0x00000000        0x0 c:/program files (x86)/atmel/studio/7.0/toolchain/avr8/avr8-gnu-toolchain/bin/../lib/gcc/avr/5.4.0/../../../../avr/lib/avr6\libm.a(fp_mpack.o)
 .bss           0x00000000        0x0 c:/program files (x86)/atmel/studio/7.0/toolchain/avr8/avr8-gnu-toolchain/bin/../lib/gcc/avr/5.4.0/../../../../avr/lib/avr6\libm.a(fp_mpack.o)
 .text          0x00000000        0x0 c:/program files (x86)/atmel/studio/7.0/toolchain/avr8/avr8-gnu-toolchain/bin/../lib/gcc/avr/5.4.0/../../../../avr/lib/avr6\libm.a(fp_nan.o)
 .data          0x00000000        0x0 c:/program files (x86)/atmel/studio/7.0/toolchain/avr8/avr8-gnu-toolchain/bin/../lib/gcc/avr/5.4.0/../../../../avr/lib/avr6\libm.a(fp_nan.o)
 .bss           0x00000000        0x0 c:/program files (x86)/atmel/studio/7.0/toolchain/avr8/avr8-gnu-toolchain/bin/../lib/gcc/avr/5.4.0/../../../../avr/lib/avr6\libm.a(fp_nan.o)
 .text          0x00000000        0x0 c:/program files (x86)/atmel/studio/7.0/toolchain/avr8/avr8-gnu-toolchain/bin/../lib/gcc/avr/5.4.0/../../../../avr/lib/avr6\libm.a(fp_pscA.o)
 .data          0x00000000        0x0 c:/program files (x86)/atmel/studio/7.0/toolchain/avr8/avr8-gnu-toolchain/bin/../lib/gcc/avr/5.4.0/../../../../avr/lib/avr6\libm.a(fp_pscA.o)
 .bss           0x00000000        0x0 c:/program files (x86)/atmel/studio/7.0/toolchain/avr8/avr8-gnu-toolchain/bin/../lib/gcc/avr/5.4.0/../../../../avr/lib/avr6\libm.a(fp_pscA.o)
 .text          0x00000000        0x0 c:/program files (x86)/atmel/studio/7.0/toolchain/avr8/avr8-gnu-toolchain/bin/../lib/gcc/avr/5.4.0/../../../../avr/lib/avr6\libm.a(fp_pscB.o)
 .data          0x00000000        0x0 c:/program files (x86)/atmel/studio/7.0/toolchain/avr8/avr8-gnu-toolchain/bin/../lib/gcc/avr/5.4.0/../../../../avr/lib/avr6\libm.a(fp_pscB.o)
 .bss           0x00000000        0x0 c:/program files (x86)/atmel/studio/7.0/toolchain/avr8/avr8-gnu-toolchain/bin/../lib/gcc/avr/5.4.0/../../../../avr/lib/avr6\libm.a(fp_pscB.o)
 .text          0x00000000        0x0 c:/program files (x86)/atmel/studio/7.0/toolchain/avr8/avr8-gnu-toolchain/bin/../lib/gcc/avr/5.4.0/../../../../avr/lib/avr6\libm.a(fp_round.o)
 .data          0x00000000        0x0 c:/program files (x86)/atmel/studio/7.0/toolchain/avr8/avr8-gnu-toolchain/bin/../lib/gcc/avr/5.4.0/../../../../avr/lib/avr6\libm.a(fp_round.o)
 .bss           0x00000000        0x0 c:/program files (x86)/atmel/studio/7.0/toolchain/avr8/avr8-gnu-toolchain/bin/../lib/gcc/avr/5.4.0/../../../../avr/lib/avr6\libm.a(fp_round.o)
 .text          0x00000000        0x0 c:/program files (x86)/atmel/studio/7.0/toolchain/avr8/avr8-gnu-toolchain/bin/../lib/gcc/avr/5.4.0/../../../../avr/lib/avr6\libm.a(fp_split3.o)
 .data          0x00000000        0x0 c:/program files (x86)/atmel/studio/7.0/toolchain/avr8/avr8-gnu-toolchain/bin/../lib/gcc/avr/5.4.0/../../../../avr/lib/avr6\libm.a(fp_split3.o)
 .bss           0x00000000        0x0 c:/program files (x86)/atmel/studio/7.0/toolchain/avr8/avr8-gnu-toolchain/bin/../lib/gcc/avr/5.4.0/../../../../avr/lib/avr6\libm.a(fp_split3.o)
 .text          0x00000000        0x0 c:/program files (x86)/atmel/studio/7.0/toolchain/avr8/avr8-gnu-toolchain/bin/../lib/gcc/avr/5.4.0/../../../../avr/lib/avr6\libm.a(fp_trunc.o)
 .data          0x00000000        0x0 c:/program files (x86)/atmel/studio/7.0/toolchain/avr8/avr8-gnu-toolchain/bin/../lib/gcc/avr/5.4.0/../../../../avr/lib/avr6\libm.a(fp_trunc.o)
 .bss           0x00000000        0x0 c:/program files (x86)/atmel/studio/7.0/toolchain/avr8/avr8-gnu-toolchain/bin/../lib/gcc/avr/5.4.0/../../../../avr/lib/avr6\libm.a(fp_trunc.o)
 .text          0x00000000        0x0 c:/program files (x86)/atmel/studio/7.0/toolchain/avr8/avr8-gnu-toolchain/bin/../lib/gcc/avr/5.4.0/../../../../avr/lib/avr6\libm.a(fp_zero.o)
 .data          0x00000000        0x0 c:/program files (x86)/atmel/studio/7.0/toolchain/avr8/avr8-gnu-toolchain/bin/../lib/gcc/avr/5.4.0/../../../../avr/lib/avr6\libm.a(fp_zero.o)
 .bss           0x00000000        0x0 c:/program files (x86)/atmel/studio/7.0/toolchain/avr8/avr8-gnu-toolchain/bin/../lib/gcc/avr/5.4.0/../../../../avr/lib/avr6\libm.a(fp_zero.o)
 .text          0x00000000        0x0 c:/program files (x86)/atmel/studio/7.0/toolchain/avr8/avr8-gnu-toolchain/bin/../lib/gcc/avr/5.4.0/../../../../avr/lib/avr6\libm.a(mulsf3.o)
 .data          0x00000000        0x0 c:/program files (x86)/atmel/studio/7.0/toolchain/avr8/avr8-gnu-toolchain/bin/../lib/gcc/avr/5.4.0/../../../../avr/lib/avr6\libm.a(mulsf3.o)
 .bss           0x00000000        0x0 c:/program files (x86)/atmel/studio/7.0/toolchain/avr8/avr8-gnu-toolchain/bin/../lib/gcc/avr/5.4.0/../../../../avr/lib/avr6\libm.a(mulsf3.o)
 .text          0x00000000        0x0 c:/program files (x86)/atmel/studio/7.0/toolchain/avr8/avr8-gnu-toolchain/bin/../lib/gcc/avr/5.4.0/../../../../avr/lib/avr6\libm.a(mulsf3x.o)
 .data          0x00000000        0x0 c:/program files (x86)/atmel/studio/7.0/toolchain/avr8/avr8-gnu-toolchain/bin/../lib/gcc/avr/5.4.0/../../../../avr/lib/avr6\libm.a(mulsf3x.o)
 .bss           0x00000000        0x0 c:/program files (x86)/atmel/studio/7.0/toolchain/avr8/avr8-gnu-toolchain/bin/../lib/gcc/avr/5.4.0/../../../../avr/lib/avr6\libm.a(mulsf3x.o)
 .text          0x00000000        0x0 c:/program files (x86)/atmel/studio/7.0/toolchain/avr8/avr8-gnu-toolchain/bin/../lib/gcc/avr/5.4.0/../../../../avr/lib/avr6\libm.a(pow.o)
 .data          0x00000000        0x0 c:/program files (x86)/atmel/studio/7.0/toolchain/avr8/avr8-gnu-toolchain/bin/../lib/gcc/avr/5.4.0/../../../../avr/lib/avr6\libm.a(pow.o)
 .bss           0x00000000        0x0 c:/program files (x86)/atmel/studio/7.0/toolchain/avr8/avr8-gnu-toolchain/bin/../lib/gcc/avr/5.4.0/../../../../avr/lib/avr6\libm.a(pow.o)
 .text          0x00000000        0x0 c:/program files (x86)/atmel/studio/7.0/toolchain/avr8/avr8-gnu-toolchain/bin/../lib/gcc/avr/5.4.0/../../../../avr/lib/avr6\libm.a(exp.o)
 .data          0x00000000        0x0 c:/program files (x86)/atmel/studio/7.0/toolchain/avr8/avr8-gnu-toolchain/bin/../lib/gcc/avr/5.4.0/../../../../avr/lib/avr6\libm.a(exp.o)
 .bss           0x00000000        0x0 c:/program files (x86)/atmel/studio/7.0/toolchain/avr8/avr8-gnu-toolchain/bin/../lib/gcc/avr/5.4.0/../../../../avr/lib/avr6\libm.a(exp.o)
 .text          0x00000000        0x0 c:/program files (x86)/atmel/studio/7.0/toolchain/avr8/avr8-gnu-toolchain/bin/../lib/gcc/avr/5.4.0/../../../../avr/lib/avr6\libm.a(fp_powser.o)
 .data          0x00000000        0x0 c:/program files (x86)/atmel/studio/7.0/toolchain/avr8/avr8-gnu-toolchain/bin/../lib/gcc/avr/5.4.0/../../../../avr/lib/avr6\libm.a(fp_powser.o)
 .bss           0x00000000        0x0 c:/program files (x86)/atmel/studio/7.0/toolchain/avr8/avr8-gnu-toolchain/bin/../lib/gcc/avr/5.4.0/../../../../avr/lib/avr6\libm.a(fp_powser.o)
 .text          0x00000000        0x0 c:/program files (x86)/atmel/studio/7.0/toolchain/avr8/avr8-gnu-toolchain/bin/../lib/gcc/avr/5.4.0/../../../../avr/lib/avr6\libm.a(inverse.o)
 .data          0x00000000        0x0 c:/program files (x86)/atmel/studio/7.0/toolchain/avr8/avr8-gnu-toolchain/bin/../lib/gcc/avr/5.4.0/../../../../avr/lib/avr6\libm.a(inverse.o)
 .bss           0x00000000        0x0 c:/program files (x86)/atmel/studio/7.0/toolchain/avr8/avr8-gnu-toolchain/bin/../lib/gcc/avr/5.4.0/../../../../avr/lib/avr6\libm.a(inverse.o)
 .text          0x00000000        0x0 c:/program files (x86)/atmel/studio/7.0/toolchain/avr8/avr8-gnu-toolchain/bin/../lib/gcc/avr/5.4.0/../../../../avr/lib/avr6\libm.a(ldexp.o)
 .data          0x00000000        0x0 c:/program files (x86)/atmel/studio/7.0/toolchain/avr8/avr8-gnu-toolchain/bin/../lib/gcc/avr/5.4.0/../../../../avr/lib/avr6\libm.a(ldexp.o)
 .bss           0x00000000        0x0 c:/program files (x86)/atmel/studio/7.0/toolchain/avr8/avr8-gnu-toolchain/bin/../lib/gcc/avr/5.4.0/../../../../avr/lib/avr6\libm.a(ldexp.o)
 .text          0x00000000        0x0 c:/program files (x86)/atmel/studio/7.0/toolchain/avr8/avr8-gnu-toolchain/bin/../lib/gcc/avr/5.4.0/../../../../avr/lib/avr6\libm.a(log.o)
 .data          0x00000000        0x0 c:/program files (x86)/atmel/studio/7.0/toolchain/avr8/avr8-gnu-toolchain/bin/../lib/gcc/avr/5.4.0/../../../../avr/lib/avr6\libm.a(log.o)
 .bss           0x00000000        0x0 c:/program files (x86)/atmel/studio/7.0/toolchain/avr8/avr8-gnu-toolchain/bin/../lib/gcc/avr/5.4.0/../../../../avr/lib/avr6\libm.a(log.o)
 .text          0x00000000        0x0 c:/program files (x86)/atmel/studio/7.0/toolchain/avr8/avr8-gnu-toolchain/bin/../lib/gcc/avr/5.4.0/../../../../avr/lib/avr6\libm.a(modf.o)
 .data          0x00000000        0x0 c:/program files (x86)/atmel/studio/7.0/toolchain/avr8/avr8-gnu-toolchain/bin/../lib/gcc/avr/5.4.0/../../../../avr/lib/avr6\libm.a(modf.o)
 .bss           0x00000000        0x0 c:/program files (x86)/atmel/studio/7.0/toolchain/avr8/avr8-gnu-toolchain/bin/../lib/gcc/avr/5.4.0/../../../../avr/lib/avr6\libm.a(modf.o)
 .text          0x00000000        0x0 c:/program files (x86)/atmel/studio/7.0/toolchain/avr8/avr8-gnu-toolchain/bin/../lib/gcc/avr/5.4.0/avr6\libgcc.a(_exit.o)
 .data          0x00000000        0x0 c:/program files (x86)/atmel/studio/7.0/toolchain/avr8/avr8-gnu-toolchain/bin/../lib/gcc/avr/5.4.0/avr6\libgcc.a(_exit.o)
 .bss           0x00000000        0x0 c:/program files (x86)/atmel/studio/7.0/toolchain/avr8/avr8-gnu-toolchain/bin/../lib/gcc/avr/5.4.0/avr6\libgcc.a(_exit.o)
 .text.libgcc.mul
                0x00000000        0x0 c:/program files (x86)/atmel/studio/7.0/toolchain/avr8/avr8-gnu-toolchain/bin/../lib/gcc/avr/5.4.0/avr6\libgcc.a(_exit.o)
 .text.libgcc.div
                0x00000000        0x0 c:/program files (x86)/atmel/studio/7.0/toolchain/avr8/avr8-gnu-toolchain/bin/../lib/gcc/avr/5.4.0/avr6\libgcc.a(_exit.o)
 .text.libgcc   0x00000000        0x0 c:/program files (x86)/atmel/studio/7.0/toolchain/avr8/avr8-gnu-toolchain/bin/../lib/gcc/avr/5.4.0/avr6\libgcc.a(_exit.o)
 .text.libgcc.prologue
                0x00000000        0x0 c:/program files (x86)/atmel/studio/7.0/toolchain/avr8/avr8-gnu-toolchain/bin/../lib/gcc/avr/5.4.0/avr6\libgcc.a(_exit.o)
 .text.libgcc.builtins
                0x00000000        0x0 c:/program files (x86)/atmel/studio/7.0/toolchain/avr8/avr8-gnu-toolchain/bin/../lib/gcc/avr/5.4.0/avr6\libgcc.a(_exit.o)
 .text.libgcc.fmul
                0x00000000        0x0 c:/program files (x86)/atmel/studio/7.0/toolchain/avr8/avr8-gnu-toolchain/bin/../lib/gcc/avr/5.4.0/avr6\libgcc.a(_exit.o)
 .text.libgcc.fixed
                0x00000000        0x0 c:/program files (x86)/atmel/studio/7.0/toolchain/avr8/avr8-gnu-toolchain/bin/../lib/gcc/avr/5.4.0/avr6\libgcc.a(_exit.o)
 .text          0x00000000        0x0 c:/program files (x86)/atmel/studio/7.0/toolchain/avr8/avr8-gnu-toolchain/bin/../lib/gcc/avr/5.4.0/avr6\libgcc.a(_clear_bss.o)
 .data          0x00000000        0x0 c:/program files (x86)/atmel/studio/7.0/toolchain/avr8/avr8-gnu-toolchain/bin/../lib/gcc/avr/5.4.0/avr6\libgcc.a(_clear_bss.o)
 .bss           0x00000000        0x0 c:/program files (x86)/atmel/studio/7.0/toolchain/avr8/avr8-gnu-toolchain/bin/../lib/gcc/avr/5.4.0/avr6\libgcc.a(_clear_bss.o)
 .text.libgcc.mul
                0x00000000        0x0 c:/program files (x86)/atmel/studio/7.0/toolchain/avr8/avr8-gnu-toolchain/bin/../lib/gcc/avr/5.4.0/avr6\libgcc.a(_clear_bss.o)
 .text.libgcc.div
                0x00000000        0x0 c:/program files (x86)/atmel/studio/7.0/toolchain/avr8/avr8-gnu-toolchain/bin/../lib/gcc/avr/5.4.0/avr6\libgcc.a(_clear_bss.o)
 .text.libgcc   0x00000000        0x0 c:/program files (x86)/atmel/studio/7.0/toolchain/avr8/avr8-gnu-toolchain/bin/../lib/gcc/avr/5.4.0/avr6\libgcc.a(_clear_bss.o)
 .text.libgcc.prologue
                0x00000000        0x0 c:/program files (x86)/atmel/studio/7.0/toolchain/avr8/avr8-gnu-toolchain/bin/../lib/gcc/avr/5.4.0/avr6\libgcc.a(_clear_bss.o)
 .text.libgcc.builtins
                0x00000000        0x0 c:/program files (x86)/atmel/studio/7.0/toolchain/avr8/avr8-gnu-toolchain/bin/../lib/gcc/avr/5.4.0/avr6\libgcc.a(_clear_bss.o)
 .text.libgcc.fmul
                0x00000000        0x0 c:/program files (x86)/atmel/studio/7.0/toolchain/avr8/avr8-gnu-toolchain/bin/../lib/gcc/avr/5.4.0/avr6\libgcc.a(_clear_bss.o)
 .text.libgcc.fixed
                0x00000000        0x0 c:/program files (x86)/atmel/studio/7.0/toolchain/avr8/avr8-gnu-toolchain/bin/../lib/gcc/avr/5.4.0/avr6\libgcc.a(_clear_bss.o)
 .text          0x00000000        0x0 c:/program files (x86)/atmel/studio/7.0/toolchain/avr8/avr8-gnu-toolchain/bin/../lib/gcc/avr/5.4.0/avr6\libgcc.a(_umulhisi3.o)
 .data          0x00000000        0x0 c:/program files (x86)/atmel/studio/7.0/toolchain/avr8/avr8-gnu-toolchain/bin/../lib/gcc/avr/5.4.0/avr6\libgcc.a(_umulhisi3.o)
 .bss           0x00000000        0x0 c:/program files (x86)/atmel/studio/7.0/toolchain/avr8/avr8-gnu-toolchain/bin/../lib/gcc/avr/5.4.0/avr6\libgcc.a(_umulhisi3.o)
 .text.libgcc.div
                0x00000000        0x0 c:/program files (x86)/atmel/studio/7.0/toolchain/avr8/avr8-gnu-toolchain/bin/../lib/gcc/avr/5.4.0/avr6\libgcc.a(_umulhisi3.o)
 .text.libgcc   0x00000000        0x0 c:/program files (x86)/atmel/studio/7.0/toolchain/avr8/avr8-gnu-toolchain/bin/../lib/gcc/avr/5.4.0/avr6\libgcc.a(_umulhisi3.o)
 .text.libgcc.prologue
                0x00000000        0x0 c:/program files (x86)/atmel/studio/7.0/toolchain/avr8/avr8-gnu-toolchain/bin/../lib/gcc/avr/5.4.0/avr6\libgcc.a(_umulhisi3.o)
 .text.libgcc.builtins
                0x00000000        0x0 c:/program files (x86)/atmel/studio/7.0/toolchain/avr8/avr8-gnu-toolchain/bin/../lib/gcc/avr/5.4.0/avr6\libgcc.a(_umulhisi3.o)
 .text.libgcc.fmul
                0x00000000        0x0 c:/program files (x86)/atmel/studio/7.0/toolchain/avr8/avr8-gnu-toolchain/bin/../lib/gcc/avr/5.4.0/avr6\libgcc.a(_umulhisi3.o)
 .text.libgcc.fixed
                0x00000000        0x0 c:/program files (x86)/atmel/studio/7.0/toolchain/avr8/avr8-gnu-toolchain/bin/../lib/gcc/avr/5.4.0/avr6\libgcc.a(_umulhisi3.o)

Memory Configuration

Name             Origin             Length             Attributes
text             0x00000000         0x00100000         xr
data             0x00800200         0x0000fe00         rw !x
eeprom           0x00810000         0x00010000         rw !x
fuse             0x00820000         0x00000003         rw !x
lock             0x00830000         0x00000400         rw !x
signature        0x00840000         0x00000400         rw !x
user_signatures  0x00850000         0x00000400         rw !x
*default*        0x00000000         0xffffffff

Linker script and memory map

Address of section .data set to 0x800200
LOAD C:/Program Files (x86)/Atmel/Studio/7.0/Packs/atmel/ATmega_DFP/1.2.150/gcc/dev/atmega2560/avr6/crtatmega2560.o
LOAD ADC.o
LOAD Angle_fix_DH.o
LOAD Arm.o
LOAD Buzzer.o
LOAD Firebird.o
LOAD LCD.o
LOAD MOPBOT.o
LOAD Motor.o
LOAD PID.o
LOAD Servo.o
LOAD SharpIR.o
LOAD Timers.o
LOAD Ultrasound.o
LOAD src/ASF/mega/boards/stk600/rcx_x/init.o
START GROUP
LOAD c:/program files (x86)/atmel/studio/7.0/toolchain/avr8/avr8-gnu-toolchain/bin/../lib/gcc/avr/5.4.0/../../../../avr/lib/avr6\libm.a
END GROUP
START GROUP
LOAD c:/program files (x86)/atmel/studio/7.0/toolchain/avr8/avr8-gnu-toolchain/bin/../lib/gcc/avr/5.4.0/avr6\libgcc.a
LOAD c:/program files (x86)/atmel/studio/7.0/toolchain/avr8/avr8-gnu-toolchain/bin/../lib/gcc/avr/5.4.0/../../../../avr/lib/avr6\libm.a
LOAD c:/program files (x86)/atmel/studio/7.0/toolchain/avr8/avr8-gnu-toolchain/bin/../lib/gcc/avr/5.4.0/../../../../avr/lib/avr6\libc.a
LOAD C:/Program Files (x86)/Atmel/Studio/7.0/Packs/atmel/ATmega_DFP/1.2.150/gcc/dev/atmega2560/avr6\libatmega2560.a
END GROUP
                0x00100000                __TEXT_REGION_LENGTH__ = DEFINED (__TEXT_REGION_LENGTH__)?__TEXT_REGION_LENGTH__:0x100000
                0x0000fe00                __DATA_REGION_LENGTH__ = DEFINED (__DATA_REGION_LENGTH__)?__DATA_REGION_LENGTH__:0xfe00
                0x00010000                __EEPROM_REGION_LENGTH__ = DEFINED (__EEPROM_REGION_LENGTH__)?__EEPROM_REGION_LENGTH__:0x10000
                [0x00000003]                __FUSE_REGION_LENGTH__ = DEFINED (__FUSE_REGION_LENGTH__)?__FUSE_REGION_LENGTH__:0x400
                0x00000400                __LOCK_REGION_LENGTH__ = DEFINED (__LOCK_REGION_LENGTH__)?__LOCK_REGION_LENGTH__:0x400
                0x00000400                __SIGNATURE_REGION_LENGTH__ = DEFINED (__SIGNATURE_REGION_LENGTH__)?__SIGNATURE_REGION_LENGTH__:0x400
                0x00000400                __USER_SIGNATURE_REGION_LENGTH__ = DEFINED (__USER_SIGNATURE_REGION_LENGTH__)?__USER_SIGNATURE_REGION_LENGTH__:0x400

.hash
 *(.hash)

.dynsym
 *(.dynsym)

.dynstr
 *(.dynstr)

.gnu.version
 *(.gnu.version)

.gnu.version_d
 *(.gnu.version_d)

.gnu.version_r
 *(.gnu.version_r)

.rel.init
 *(.rel.init)

.rela.init
 *(.rela.init)

.rel.text
 *(.rel.text)
 *(.rel.text.*)
 *(.rel.gnu.linkonce.t*)

.rela.text
 *(.rela.text)
 *(.rela.text.*)
 *(.rela.gnu.linkonce.t*)

.rel.fini
 *(.rel.fini)

.rela.fini
 *(.rela.fini)

.rel.rodata
 *(.rel.rodata)
 *(.rel.rodata.*)
 *(.rel.gnu.linkonce.r*)

.rela.rodata
 *(.rela.rodata)
 *(.rela.rodata.*)
 *(.rela.gnu.linkonce.r*)

.rel.data
 *(.rel.data)
 *(.rel.data.*)
 *(.rel.gnu.linkonce.d*)

.rela.data
 *(.rela.data)
 *(.rela.data.*)
 *(.rela.gnu.linkonce.d*)

.rel.ctors
 *(.rel.ctors)

.rela.ctors
 *(.rela.ctors)

.rel.dtors
 *(.rel.dtors)

.rela.dtors
 *(.rela.dtors)

.rel.got
 *(.rel.got)

.rela.got
 *(.rela.got)

.rel.bss
 *(.rel.bss)

.rela.bss
 *(.rela.bss)

.rel.plt
 *(.rel.plt)

.rela.plt
 *(.rela.plt)

.text           0x00000000     0x21de
 *(.vectors)
 .vectors       0x00000000       0xe4 C:/Program Files (x86)/Atmel/Studio/7.0/Packs/atmel/ATmega_DFP/1.2.150/gcc/dev/atmega2560/avr6/crtatmega2560.o
                0x00000000                __vector_default
                0x00000000                __vectors
 *(.vectors)
 *(.progmem.gcc*)
 .progmem.gcc_fplib
                0x000000e4       0x28 c:/program files (x86)/atmel/studio/7.0/toolchain/avr8/avr8-gnu-toolchain/bin/../lib/gcc/avr/5.4.0/../../../../avr/lib/avr6\libm.a(exp.o)
 .progmem.gcc_fplib
                0x0000010c       0x5a c:/program files (x86)/atmel/studio/7.0/toolchain/avr8/avr8-gnu-toolchain/bin/../lib/gcc/avr/5.4.0/../../../../avr/lib/avr6\libm.a(log.o)
                0x00000166                . = ALIGN (0x2)
                0x00000166                __trampolines_start = .
 *(.trampolines)
 .trampolines   0x00000166        0x0 linker stubs
 *(.trampolines*)
                0x00000166                __trampolines_end = .
 *libprintf_flt.a:*(.progmem.data)
 *libc.a:*(.progmem.data)
 *(.progmem*)
                0x00000166                . = ALIGN (0x2)
 *(.jumptables)
 *(.jumptables*)
 *(.lowtext)
 *(.lowtext*)
                0x00000166                __ctors_start = .
 *(.ctors)
                0x00000166                __ctors_end = .
                0x00000166                __dtors_start = .
 *(.dtors)
                0x00000166                __dtors_end = .
 SORT(*)(.ctors)
 SORT(*)(.dtors)
 *(.init0)
 .init0         0x00000166        0x0 C:/Program Files (x86)/Atmel/Studio/7.0/Packs/atmel/ATmega_DFP/1.2.150/gcc/dev/atmega2560/avr6/crtatmega2560.o
                0x00000166                __init
 *(.init0)
 *(.init1)
 *(.init1)
 *(.init2)
 .init2         0x00000166       0x10 C:/Program Files (x86)/Atmel/Studio/7.0/Packs/atmel/ATmega_DFP/1.2.150/gcc/dev/atmega2560/avr6/crtatmega2560.o
 *(.init2)
 *(.init3)
 *(.init3)
 *(.init4)
 .init4         0x00000176       0x10 c:/program files (x86)/atmel/studio/7.0/toolchain/avr8/avr8-gnu-toolchain/bin/../lib/gcc/avr/5.4.0/avr6\libgcc.a(_clear_bss.o)
                0x00000176                __do_clear_bss
 *(.init4)
 *(.init5)
 *(.init5)
 *(.init6)
 *(.init6)
 *(.init7)
 *(.init7)
 *(.init8)
 *(.init8)
 *(.init9)
 .init9         0x00000186        0x8 C:/Program Files (x86)/Atmel/Studio/7.0/Packs/atmel/ATmega_DFP/1.2.150/gcc/dev/atmega2560/avr6/crtatmega2560.o
 *(.init9)
 *(.text)
 .text          0x0000018e        0x2 C:/Program Files (x86)/Atmel/Studio/7.0/Packs/atmel/ATmega_DFP/1.2.150/gcc/dev/atmega2560/avr6/crtatmega2560.o
                0x0000018e                __vector_38
                0x0000018e                __vector_22
                0x0000018e                __vector_28
                0x0000018e                __vector_1
                0x0000018e                __vector_32
                0x0000018e                __vector_34
                0x0000018e                __vector_24
                0x0000018e                __vector_12
                0x0000018e                __vector_55
                0x0000018e                __vector_46
                0x0000018e                __bad_interrupt
                0x0000018e                __vector_6
                0x0000018e                __vector_31
                0x0000018e                __vector_35
                0x0000018e                __vector_39
                0x0000018e                __vector_3
                0x0000018e                __vector_23
                0x0000018e                __vector_30
                0x0000018e                __vector_45
                0x0000018e                __vector_25
                0x0000018e                __vector_11
                0x0000018e                __vector_54
                0x0000018e                __vector_13
                0x0000018e                __vector_17
                0x0000018e                __vector_19
                0x0000018e                __vector_56
                0x0000018e                __vector_7
                0x0000018e                __vector_49
                0x0000018e                __vector_41
                0x0000018e                __vector_43
                0x0000018e                __vector_27
                0x0000018e                __vector_5
                0x0000018e                __vector_33
                0x0000018e                __vector_47
                0x0000018e                __vector_52
                0x0000018e                __vector_37
                0x0000018e                __vector_4
                0x0000018e                __vector_44
                0x0000018e                __vector_51
                0x0000018e                __vector_9
                0x0000018e                __vector_2
                0x0000018e                __vector_21
                0x0000018e                __vector_15
                0x0000018e                __vector_36
                0x0000018e                __vector_29
                0x0000018e                __vector_40
                0x0000018e                __vector_8
                0x0000018e                __vector_26
                0x0000018e                __vector_48
                0x0000018e                __vector_14
                0x0000018e                __vector_53
                0x0000018e                __vector_10
                0x0000018e                __vector_50
                0x0000018e                __vector_16
                0x0000018e                __vector_18
                0x0000018e                __vector_20
                0x0000018e                __vector_42
                0x00000190                . = ALIGN (0x2)
 *(.text.*)
 .text.adc_init
                0x00000190       0x1a ADC.o
                0x00000190                adc_init
 .text.adc_pin_config
                0x000001aa        0xe ADC.o
                0x000001aa                adc_pin_config
 .text.ADC_Conversion
                0x000001b8       0x36 ADC.o
                0x000001b8                ADC_Conversion
 .text.angle_fix
                0x000001ee       0x60 Angle_fix_DH.o
                0x000001ee                angle_fix
 .text.arm_z_linear
                0x0000024e      0x438 Arm.o
                0x0000024e                arm_z_linear
 .text.arm_y_linear
                0x00000686      0x8d0 Arm.o
                0x00000686                arm_y_linear
 .text.buzzer_pin_config
                0x00000f56        0x6 Buzzer.o
                0x00000f56                buzzer_pin_config
 .text.port_init
                0x00000f5c        0xe Firebird.o
                0x00000f5c                port_init
 .text.init_devices
                0x00000f6a       0x12 Firebird.o
                0x00000f6a                init_devices
 .text.lcd_port_config
                0x00000f7c        0xe LCD.o
                0x00000f7c                lcd_port_config
 .text.lcd_set_4bit
                0x00000f8a       0x86 LCD.o
                0x00000f8a                lcd_set_4bit
 .text.lcd_wr_command
                0x00001010       0x4a LCD.o
                0x00001010                lcd_wr_command
 .text.lcd_init
                0x0000105a       0x22 LCD.o
                0x0000105a                lcd_init
 .text.lcd_wr_char
                0x0000107c       0x4a LCD.o
                0x0000107c                lcd_wr_char
 .text.lcd_home
                0x000010c6        0x6 LCD.o
                0x000010c6                lcd_home
 .text.lcd_cursor
                0x000010cc       0x36 LCD.o
                0x000010cc                lcd_cursor
 .text.lcd_print
                0x00001102      0x1e6 LCD.o
                0x00001102                lcd_print
 .text.main     0x000012e8       0xe8 MOPBOT.o
                0x000012e8                main
 .text.motion_pin_config
                0x000013d0       0x22 Motor.o
                0x000013d0                motion_pin_config
 .text.motion_set
                0x000013f2        0xc Motor.o
                0x000013f2                motion_set
 .text.forward  0x000013fe       0x1a Motor.o
                0x000013fe                forward
 .text.right    0x00001418        0x6 Motor.o
                0x00001418                right
 .text.right_degrees
                0x0000141e        0xe Motor.o
                0x0000141e                right_degrees
 .text.pid_speed_control
                0x0000142c       0x32 PID.o
                0x0000142c                pid_speed_control
 .text.servo_pin_config
                0x0000145e        0x8 Servo.o
                0x0000145e                servo_pin_config
 .text.servo_1  0x00001466       0x2a Servo.o
                0x00001466                servo_1
 .text.servo_2  0x00001490       0x2a Servo.o
                0x00001490                servo_2
 .text.servo_3  0x000014ba       0x2a Servo.o
                0x000014ba                servo_3
 .text.distance_IRF
                0x000014e4      0x120 SharpIR.o
                0x000014e4                distance_IRF
 .text.timer1_init
                0x00001604       0x38 Timers.o
                0x00001604                timer1_init
 .text.timer4_init
                0x0000163c       0x16 Timers.o
                0x0000163c                timer4_init
 .text.timer5_init
                0x00001652       0x36 Timers.o
                0x00001652                timer5_init
 .text.ultrasound_config
                0x00001688        0xc Ultrasound.o
                0x00001688                ultrasound_config
 .text.ultrasound1_trigger
                0x00001694       0x1a Ultrasound.o
                0x00001694                ultrasound1_trigger
 .text.ultrasound2_trigger
                0x000016ae       0x1a Ultrasound.o
                0x000016ae                ultrasound2_trigger
 .text.distance1_us
                0x000016c8      0x1c4 Ultrasound.o
                0x000016c8                distance1_us
 .text.distance2_us
                0x0000188c      0x1c0 Ultrasound.o
                0x0000188c                distance2_us
 .text.avr-libc.fplib
                0x00001a4c        0xa c:/program files (x86)/atmel/studio/7.0/toolchain/avr8/avr8-gnu-toolchain/bin/../lib/gcc/avr/5.4.0/../../../../avr/lib/avr6\libm.a(addsf3.o)
                0x00001a4c                __subsf3
                0x00001a4e                __addsf3
 .text.avr-libc.fplib
                0x00001a56       0xc0 c:/program files (x86)/atmel/studio/7.0/toolchain/avr8/avr8-gnu-toolchain/bin/../lib/gcc/avr/5.4.0/../../../../avr/lib/avr6\libm.a(addsf3x.o)
                0x00001a70                __addsf3x
 .text.avr-libc.fplib
                0x00001b16        0x4 c:/program files (x86)/atmel/studio/7.0/toolchain/avr8/avr8-gnu-toolchain/bin/../lib/gcc/avr/5.4.0/../../../../avr/lib/avr6\libm.a(divsf3.o)
                0x00001b16                __divsf3
 .text.avr-libc.fplib
                0x00001b1a       0xcc c:/program files (x86)/atmel/studio/7.0/toolchain/avr8/avr8-gnu-toolchain/bin/../lib/gcc/avr/5.4.0/../../../../avr/lib/avr6\libm.a(divsf3x.o)
                0x00001b30                __divsf3x
                0x00001b34                __divsf3_pse
 .text.avr-libc.fplib
                0x00001be6        0xa c:/program files (x86)/atmel/studio/7.0/toolchain/avr8/avr8-gnu-toolchain/bin/../lib/gcc/avr/5.4.0/../../../../avr/lib/avr6\libm.a(fixsfsi.o)
                0x00001be6                __fixsfsi
 .text.avr-libc.fplib
                0x00001bf0       0x58 c:/program files (x86)/atmel/studio/7.0/toolchain/avr8/avr8-gnu-toolchain/bin/../lib/gcc/avr/5.4.0/../../../../avr/lib/avr6\libm.a(fixunssfsi.o)
                0x00001bf0                __fixunssfsi
 .text.avr-libc.fplib
                0x00001c48       0x7a c:/program files (x86)/atmel/studio/7.0/toolchain/avr8/avr8-gnu-toolchain/bin/../lib/gcc/avr/5.4.0/../../../../avr/lib/avr6\libm.a(floatsisf.o)
                0x00001c48                __floatunsisf
                0x00001c4c                __floatsisf
 .text.avr-libc.fplib
                0x00001cc2       0x26 c:/program files (x86)/atmel/studio/7.0/toolchain/avr8/avr8-gnu-toolchain/bin/../lib/gcc/avr/5.4.0/../../../../avr/lib/avr6\libm.a(floor.o)
                0x00001cc2                floor
 .text.avr-libc.fplib
                0x00001ce8       0x3e c:/program files (x86)/atmel/studio/7.0/toolchain/avr8/avr8-gnu-toolchain/bin/../lib/gcc/avr/5.4.0/../../../../avr/lib/avr6\libm.a(fmin.o)
                0x00001ce8                fmin
 .text.avr-libc.fplib
                0x00001d26        0xc c:/program files (x86)/atmel/studio/7.0/toolchain/avr8/avr8-gnu-toolchain/bin/../lib/gcc/avr/5.4.0/../../../../avr/lib/avr6\libm.a(fp_inf.o)
                0x00001d26                __fp_inf
 .text.avr-libc.fplib
                0x00001d32       0x36 c:/program files (x86)/atmel/studio/7.0/toolchain/avr8/avr8-gnu-toolchain/bin/../lib/gcc/avr/5.4.0/../../../../avr/lib/avr6\libm.a(fp_mintl.o)
                0x00001d32                __fp_mintl
 .text.avr-libc.fplib
                0x00001d68       0x1c c:/program files (x86)/atmel/studio/7.0/toolchain/avr8/avr8-gnu-toolchain/bin/../lib/gcc/avr/5.4.0/../../../../avr/lib/avr6\libm.a(fp_mpack.o)
                0x00001d68                __fp_mpack
                0x00001d6c                __fp_mpack_finite
 .text.avr-libc.fplib
                0x00001d84        0x6 c:/program files (x86)/atmel/studio/7.0/toolchain/avr8/avr8-gnu-toolchain/bin/../lib/gcc/avr/5.4.0/../../../../avr/lib/avr6\libm.a(fp_nan.o)
                0x00001d84                __fp_nan
 .text.avr-libc.fplib
                0x00001d8a        0xe c:/program files (x86)/atmel/studio/7.0/toolchain/avr8/avr8-gnu-toolchain/bin/../lib/gcc/avr/5.4.0/../../../../avr/lib/avr6\libm.a(fp_pscA.o)
                0x00001d8a                __fp_pscA
 .text.avr-libc.fplib
                0x00001d98        0xe c:/program files (x86)/atmel/studio/7.0/toolchain/avr8/avr8-gnu-toolchain/bin/../lib/gcc/avr/5.4.0/../../../../avr/lib/avr6\libm.a(fp_pscB.o)
                0x00001d98                __fp_pscB
 .text.avr-libc.fplib
                0x00001da6       0x22 c:/program files (x86)/atmel/studio/7.0/toolchain/avr8/avr8-gnu-toolchain/bin/../lib/gcc/avr/5.4.0/../../../../avr/lib/avr6\libm.a(fp_round.o)
                0x00001da6                __fp_round
 .text.avr-libc.fplib
                0x00001dc8       0x44 c:/program files (x86)/atmel/studio/7.0/toolchain/avr8/avr8-gnu-toolchain/bin/../lib/gcc/avr/5.4.0/../../../../avr/lib/avr6\libm.a(fp_split3.o)
                0x00001dc8                __fp_split3
                0x00001dd8                __fp_splitA
 .text.avr-libc.fplib
                0x00001e0c       0x2e c:/program files (x86)/atmel/studio/7.0/toolchain/avr8/avr8-gnu-toolchain/bin/../lib/gcc/avr/5.4.0/../../../../avr/lib/avr6\libm.a(fp_trunc.o)
                0x00001e0c                __fp_trunc
 .text.avr-libc.fplib
                0x00001e3a        0xe c:/program files (x86)/atmel/studio/7.0/toolchain/avr8/avr8-gnu-toolchain/bin/../lib/gcc/avr/5.4.0/../../../../avr/lib/avr6\libm.a(fp_zero.o)
                0x00001e3a                __fp_zero
                0x00001e3c                __fp_szero
 .text.avr-libc.fplib
                0x00001e48        0x4 c:/program files (x86)/atmel/studio/7.0/toolchain/avr8/avr8-gnu-toolchain/bin/../lib/gcc/avr/5.4.0/../../../../avr/lib/avr6\libm.a(mulsf3.o)
                0x00001e48                __mulsf3
 .text.avr-libc.fplib
                0x00001e4c       0xc2 c:/program files (x86)/atmel/studio/7.0/toolchain/avr8/avr8-gnu-toolchain/bin/../lib/gcc/avr/5.4.0/../../../../avr/lib/avr6\libm.a(mulsf3x.o)
                0x00001e60                __mulsf3x
                0x00001e64                __mulsf3_pse
 .text.avr-libc.fplib
                0x00001f0e       0x98 c:/program files (x86)/atmel/studio/7.0/toolchain/avr8/avr8-gnu-toolchain/bin/../lib/gcc/avr/5.4.0/../../../../avr/lib/avr6\libm.a(pow.o)
                0x00001f0e                pow
 .text.avr-libc.fplib
                0x00001fa6       0x62 c:/program files (x86)/atmel/studio/7.0/toolchain/avr8/avr8-gnu-toolchain/bin/../lib/gcc/avr/5.4.0/../../../../avr/lib/avr6\libm.a(exp.o)
                0x00001fb0                exp
 .text.avr-libc.fplib
                0x00002008       0x4a c:/program files (x86)/atmel/studio/7.0/toolchain/avr8/avr8-gnu-toolchain/bin/../lib/gcc/avr/5.4.0/../../../../avr/lib/avr6\libm.a(fp_powser.o)
                0x00002008                __fp_powser
 .text.avr-libc.fplib
                0x00002052        0xe c:/program files (x86)/atmel/studio/7.0/toolchain/avr8/avr8-gnu-toolchain/bin/../lib/gcc/avr/5.4.0/../../../../avr/lib/avr6\libm.a(inverse.o)
                0x00002052                inverse
 .text.avr-libc.fplib
                0x00002060       0x6c c:/program files (x86)/atmel/studio/7.0/toolchain/avr8/avr8-gnu-toolchain/bin/../lib/gcc/avr/5.4.0/../../../../avr/lib/avr6\libm.a(ldexp.o)
                0x00002064                ldexp
 .text.avr-libc.fplib
                0x000020cc       0x8a c:/program files (x86)/atmel/studio/7.0/toolchain/avr8/avr8-gnu-toolchain/bin/../lib/gcc/avr/5.4.0/../../../../avr/lib/avr6\libm.a(log.o)
                0x000020d6                log
 .text.avr-libc.fplib
                0x00002156       0x66 c:/program files (x86)/atmel/studio/7.0/toolchain/avr8/avr8-gnu-toolchain/bin/../lib/gcc/avr/5.4.0/../../../../avr/lib/avr6\libm.a(modf.o)
                0x00002156                modf
                0x00002156                modff
 .text.libgcc.mul
                0x000021bc       0x1e c:/program files (x86)/atmel/studio/7.0/toolchain/avr8/avr8-gnu-toolchain/bin/../lib/gcc/avr/5.4.0/avr6\libgcc.a(_umulhisi3.o)
                0x000021bc                __umulhisi3
                0x000021da                . = ALIGN (0x2)
 *(.fini9)
 .fini9         0x000021da        0x0 c:/program files (x86)/atmel/studio/7.0/toolchain/avr8/avr8-gnu-toolchain/bin/../lib/gcc/avr/5.4.0/avr6\libgcc.a(_exit.o)
                0x000021da                _exit
                0x000021da                exit
 *(.fini9)
 *(.fini8)
 *(.fini8)
 *(.fini7)
 *(.fini7)
 *(.fini6)
 *(.fini6)
 *(.fini5)
 *(.fini5)
 *(.fini4)
 *(.fini4)
 *(.fini3)
 *(.fini3)
 *(.fini2)
 *(.fini2)
 *(.fini1)
 *(.fini1)
 *(.fini0)
 .fini0         0x000021da        0x4 c:/program files (x86)/atmel/studio/7.0/toolchain/avr8/avr8-gnu-toolchain/bin/../lib/gcc/avr/5.4.0/avr6\libgcc.a(_exit.o)
 *(.fini0)
                0x000021de                _etext = .

.data           0x00800200        0x0 load address 0x000021de
                [!provide]                PROVIDE (__data_start, .)
 *(.data)
 *(.data*)
 *(.gnu.linkonce.d*)
 *(.rodata)
 *(.rodata*)
 *(.gnu.linkonce.r*)
                0x00800200                . = ALIGN (0x2)
                0x00800200                _edata = .
                [!provide]                PROVIDE (__data_end, .)

.bss            0x00800200       0x61
                0x00800200                PROVIDE (__bss_start, .)
 *(.bss)
 *(.bss*)
 .bss.degrees3  0x00800200        0x2 Arm.o
                0x00800200                degrees3
 .bss.degrees2  0x00800202        0x2 Arm.o
                0x00800202                degrees2
 .bss.degrees1  0x00800204        0x2 Arm.o
                0x00800204                degrees1
 .bss.filtered_distance2
                0x00800206        0x2 SharpIR.o
                0x00800206                filtered_distance2
 .bss.j2        0x00800208        0x2 SharpIR.o
                0x00800208                j2
 .bss.i2        0x0080020a        0x2 SharpIR.o
                0x0080020a                i2
 .bss.sum2      0x0080020c        0x4 SharpIR.o
                0x0080020c                sum2
 .bss.dist2     0x00800210        0x4 SharpIR.o
                0x00800210                dist2
 .bss.filtered_distance4
                0x00800214        0x2 Ultrasound.o
                0x00800214                filtered_distance4
 .bss.j4        0x00800216        0x2 Ultrasound.o
                0x00800216                j4
 .bss.i4        0x00800218        0x2 Ultrasound.o
                0x00800218                i4
 .bss.sum4      0x0080021a        0x4 Ultrasound.o
                0x0080021a                sum4
 .bss.us_time2  0x0080021e        0x4 Ultrasound.o
                0x0080021e                us_time2
 .bss.us_dist2  0x00800222        0x4 Ultrasound.o
                0x00800222                us_dist2
 .bss.us_flag2  0x00800226        0x2 Ultrasound.o
                0x00800226                us_flag2
 .bss.filtered_distance3
                0x00800228        0x2 Ultrasound.o
                0x00800228                filtered_distance3
 .bss.j3        0x0080022a        0x2 Ultrasound.o
                0x0080022a                j3
 .bss.i3        0x0080022c        0x2 Ultrasound.o
                0x0080022c                i3
 .bss.sum3      0x0080022e        0x4 Ultrasound.o
                0x0080022e                sum3
 .bss.us_time1  0x00800232        0x4 Ultrasound.o
                0x00800232                us_time1
 .bss.us_dist1  0x00800236        0x4 Ultrasound.o
                0x00800236                us_dist1
 .bss.us_flag1  0x0080023a        0x2 Ultrasound.o
                0x0080023a                us_flag1
 *(COMMON)
 COMMON         0x0080023c        0xc LCD.o
                0x0080023c                million
                0x0080023e                temp
                0x00800240                tens
                0x00800242                hundred
                0x00800244                unit
                0x00800246                thousand
 COMMON         0x00800248        0xd SharpIR.o
                0x00800248                filter_array2
                0x00800254                ADC_value2
 COMMON         0x00800255        0xc Ultrasound.o
                0x00800255                us_dist_int1
                0x00800257                us_dist_int2
                0x00800259                filter_array3
                0x0080025d                filter_array4
                0x00800261                PROVIDE (__bss_end, .)
                0x000021de                __data_load_start = LOADADDR (.data)
                0x000021de                __data_load_end = (__data_load_start + SIZEOF (.data))

.noinit         0x00800261        0x0
                [!provide]                PROVIDE (__noinit_start, .)
 *(.noinit*)
                [!provide]                PROVIDE (__noinit_end, .)
                0x00800261                _end = .
                [!provide]                PROVIDE (__heap_start, .)

.eeprom         0x00810000        0x0
 *(.eeprom*)
                0x00810000                __eeprom_end = .

.fuse
 *(.fuse)
 *(.lfuse)
 *(.hfuse)
 *(.efuse)

.lock
 *(.lock*)

.signature
 *(.signature*)

.user_signatures
 *(.user_signatures*)

.stab
 *(.stab)

.stabstr
 *(.stabstr)

.stab.excl
 *(.stab.excl)

.stab.exclstr
 *(.stab.exclstr)

.stab.index
 *(.stab.index)

.stab.indexstr
 *(.stab.indexstr)

.comment        0x00000000       0x30
 *(.comment)
 .comment       0x00000000       0x30 ADC.o
                                 0x31 (size before relaxing)
 .comment       0x00000030       0x31 Angle_fix_DH.o
 .comment       0x00000030       0x31 Arm.o
 .comment       0x00000030       0x31 Buzzer.o
 .comment       0x00000030       0x31 Firebird.o
 .comment       0x00000030       0x31 LCD.o
 .comment       0x00000030       0x31 MOPBOT.o
 .comment       0x00000030       0x31 Motor.o
 .comment       0x00000030       0x31 PID.o
 .comment       0x00000030       0x31 Servo.o
 .comment       0x00000030       0x31 SharpIR.o
 .comment       0x00000030       0x31 Timers.o
 .comment       0x00000030       0x31 Ultrasound.o

.note.gnu.avr.deviceinfo
                0x00000000       0x40
 .note.gnu.avr.deviceinfo
                0x00000000       0x40 C:/Program Files (x86)/Atmel/Studio/7.0/Packs/atmel/ATmega_DFP/1.2.150/gcc/dev/atmega2560/avr6/crtatmega2560.o

.note.gnu.build-id
 *(.note.gnu.build-id)

.debug
 *(.debug)

.line
 *(.line)

.debug_srcinfo
 *(.debug_srcinfo)

.debug_sfnames
 *(.debug_sfnames)

.debug_aranges  0x00000000      0x290
 *(.debug_aranges)
 .debug_aranges
                0x00000000       0x30 ADC.o
 .debug_aranges
                0x00000030       0x20 Angle_fix_DH.o
 .debug_aranges
                0x00000050       0x28 Arm.o
 .debug_aranges
                0x00000078       0x30 Buzzer.o
 .debug_aranges
                0x000000a8       0x28 Firebird.o
 .debug_aranges
                0x000000d0       0x60 LCD.o
 .debug_aranges
                0x00000130       0x20 MOPBOT.o
 .debug_aranges
                0x00000150       0x58 Motor.o
 .debug_aranges
                0x000001a8       0x20 PID.o
 .debug_aranges
                0x000001c8       0x38 Servo.o
 .debug_aranges
                0x00000200       0x20 SharpIR.o
 .debug_aranges
                0x00000220       0x30 Timers.o
 .debug_aranges
                0x00000250       0x40 Ultrasound.o

.debug_pubnames
 *(.debug_pubnames)

.debug_info     0x00000000     0x40b5
 *(.debug_info .gnu.linkonce.wi.*)
 .debug_info    0x00000000      0xbbc C:/Program Files (x86)/Atmel/Studio/7.0/Packs/atmel/ATmega_DFP/1.2.150/gcc/dev/atmega2560/avr6/crtatmega2560.o
 .debug_info    0x00000bbc       0xd1 ADC.o
 .debug_info    0x00000c8d       0xff Angle_fix_DH.o
 .debug_info    0x00000d8c     0x1c72 Arm.o
 .debug_info    0x000029fe       0xd7 Buzzer.o
 .debug_info    0x00002ad5      0x197 Firebird.o
 .debug_info    0x00002c6c      0x6d9 LCD.o
 .debug_info    0x00003345      0x2e8 MOPBOT.o
 .debug_info    0x0000362d      0x24b Motor.o
 .debug_info    0x00003878       0xcb PID.o
 .debug_info    0x00003943      0x140 Servo.o
 .debug_info    0x00003a83      0x16d SharpIR.o
 .debug_info    0x00003bf0       0xbe Timers.o
 .debug_info    0x00003cae      0x407 Ultrasound.o

.debug_abbrev   0x00000000     0x15a1
 *(.debug_abbrev)
 .debug_abbrev  0x00000000      0xb1a C:/Program Files (x86)/Atmel/Studio/7.0/Packs/atmel/ATmega_DFP/1.2.150/gcc/dev/atmega2560/avr6/crtatmega2560.o
 .debug_abbrev  0x00000b1a       0x8c ADC.o
 .debug_abbrev  0x00000ba6       0x76 Angle_fix_DH.o
 .debug_abbrev  0x00000c1c      0x121 Arm.o
 .debug_abbrev  0x00000d3d       0x95 Buzzer.o
 .debug_abbrev  0x00000dd2       0x66 Firebird.o
 .debug_abbrev  0x00000e38      0x175 LCD.o
 .debug_abbrev  0x00000fad      0x129 MOPBOT.o
 .debug_abbrev  0x000010d6      0x135 Motor.o
 .debug_abbrev  0x0000120b       0x85 PID.o
 .debug_abbrev  0x00001290       0xa4 Servo.o
 .debug_abbrev  0x00001334       0xc7 SharpIR.o
 .debug_abbrev  0x000013fb       0x54 Timers.o
 .debug_abbrev  0x0000144f      0x152 Ultrasound.o

.debug_line     0x00000000     0x3815
 *(.debug_line .debug_line.* .debug_line_end)
 .debug_line    0x00000000      0x1f9 C:/Program Files (x86)/Atmel/Studio/7.0/Packs/atmel/ATmega_DFP/1.2.150/gcc/dev/atmega2560/avr6/crtatmega2560.o
 .debug_line    0x000001f9      0x36f ADC.o
 .debug_line    0x00000568      0x345 Angle_fix_DH.o
 .debug_line    0x000008ad      0x819 Arm.o
 .debug_line    0x000010c6      0x335 Buzzer.o
 .debug_line    0x000013fb      0x39d Firebird.o
 .debug_line    0x00001798      0x62c LCD.o
 .debug_line    0x00001dc4      0x40a MOPBOT.o
 .debug_line    0x000021ce      0x3cc Motor.o
 .debug_line    0x0000259a      0x309 PID.o
 .debug_line    0x000028a3      0x331 Servo.o
 .debug_line    0x00002bd4      0x341 SharpIR.o
 .debug_line    0x00002f15      0x3a7 Timers.o
 .debug_line    0x000032bc      0x559 Ultrasound.o

.debug_frame    0x00000000      0x480
 *(.debug_frame)
 .debug_frame   0x00000000       0x44 ADC.o
 .debug_frame   0x00000044       0x24 Angle_fix_DH.o
 .debug_frame   0x00000068       0x74 Arm.o
 .debug_frame   0x000000dc       0x44 Buzzer.o
 .debug_frame   0x00000120       0x34 Firebird.o
 .debug_frame   0x00000154       0xc4 LCD.o
 .debug_frame   0x00000218       0x34 MOPBOT.o
 .debug_frame   0x0000024c       0xa0 Motor.o
 .debug_frame   0x000002ec       0x24 PID.o
 .debug_frame   0x00000310       0x54 Servo.o
 .debug_frame   0x00000364       0x4c SharpIR.o
 .debug_frame   0x000003b0       0x44 Timers.o
 .debug_frame   0x000003f4       0x8c Ultrasound.o

.debug_str      0x00000000     0x9b5d
 *(.debug_str)
 .debug_str     0x00000000      0x3e6 C:/Program Files (x86)/Atmel/Studio/7.0/Packs/atmel/ATmega_DFP/1.2.150/gcc/dev/atmega2560/avr6/crtatmega2560.o
 .debug_str     0x000003e6     0x8de5 ADC.o
                               0x8ec0 (size before relaxing)
 .debug_str     0x000091cb      0x3c7 Angle_fix_DH.o
                               0x92bb (size before relaxing)
 .debug_str     0x00009592       0x92 Arm.o
                               0x8f3d (size before relaxing)
 .debug_str     0x00009624       0x42 Buzzer.o
                               0x8ed0 (size before relaxing)
 .debug_str     0x00009666       0x99 Firebird.o
                               0x8f49 (size before relaxing)
 .debug_str     0x000096ff       0xf3 LCD.o
                               0x8ffe (size before relaxing)
 .debug_str     0x000097f2      0x114 MOPBOT.o
                               0x9011 (size before relaxing)
 .debug_str     0x00009906       0x80 Motor.o
                               0x8f3c (size before relaxing)
 .debug_str     0x00009986       0x22 PID.o
                               0x8ece (size before relaxing)
 .debug_str     0x000099a8       0x4c Servo.o
                               0x8f24 (size before relaxing)
 .debug_str     0x000099f4       0x53 SharpIR.o
                               0x8f01 (size before relaxing)
 .debug_str     0x00009a47        0xe Timers.o
                               0x8ec9 (size before relaxing)
 .debug_str     0x00009a55      0x108 Ultrasound.o
                               0x901c (size before relaxing)

.debug_loc      0x00000000     0x18e0
 *(.debug_loc)
 .debug_loc     0x00000000       0x3d ADC.o
 .debug_loc     0x0000003d      0x22a Angle_fix_DH.o
 .debug_loc     0x00000267      0x6e0 Arm.o
 .debug_loc     0x00000947       0x3e Buzzer.o
 .debug_loc     0x00000985      0x734 LCD.o
 .debug_loc     0x000010b9      0x23e MOPBOT.o
 .debug_loc     0x000012f7      0x133 Motor.o
 .debug_loc     0x0000142a       0xc9 PID.o
 .debug_loc     0x000014f3      0x1c8 Servo.o
 .debug_loc     0x000016bb       0x7d SharpIR.o
 .debug_loc     0x00001738      0x1a8 Ultrasound.o

.debug_macinfo
 *(.debug_macinfo)

.debug_weaknames
 *(.debug_weaknames)

.debug_funcnames
 *(.debug_funcnames)

.debug_typenames
 *(.debug_typenames)

.debug_varnames
 *(.debug_varnames)

.debug_pubtypes
 *(.debug_pubtypes)

.debug_ranges   0x00000000      0x1c0
 *(.debug_ranges)
 .debug_ranges  0x00000000       0x20 ADC.o
 .debug_ranges  0x00000020       0x10 Angle_fix_DH.o
 .debug_ranges  0x00000030       0x18 Arm.o
 .debug_ranges  0x00000048       0x20 Buzzer.o
 .debug_ranges  0x00000068       0x18 Firebird.o
 .debug_ranges  0x00000080       0x50 LCD.o
 .debug_ranges  0x000000d0       0x10 MOPBOT.o
 .debug_ranges  0x000000e0       0x48 Motor.o
 .debug_ranges  0x00000128       0x10 PID.o
 .debug_ranges  0x00000138       0x28 Servo.o
 .debug_ranges  0x00000160       0x10 SharpIR.o
 .debug_ranges  0x00000170       0x20 Timers.o
 .debug_ranges  0x00000190       0x30 Ultrasound.o

.debug_macro    0x00000000     0x4276
 *(.debug_macro)
 .debug_macro   0x00000000       0xc9 ADC.o
 .debug_macro   0x000000c9      0xa78 ADC.o
 .debug_macro   0x00000b41       0x10 ADC.o
 .debug_macro   0x00000b51      0x1c9 ADC.o
 .debug_macro   0x00000d1a      0x2fc ADC.o
 .debug_macro   0x00001016       0x9e ADC.o
 .debug_macro   0x000010b4     0x1ecb ADC.o
 .debug_macro   0x00002f7f      0x100 ADC.o
 .debug_macro   0x0000307f      0x2ea ADC.o
 .debug_macro   0x00003369       0xd9 ADC.o
 .debug_macro   0x00003442       0x34 ADC.o
 .debug_macro   0x00003476       0x18 ADC.o
 .debug_macro   0x0000348e       0x6c ADC.o
 .debug_macro   0x000034fa       0x69 ADC.o
 .debug_macro   0x00003563       0x10 ADC.o
 .debug_macro   0x00003573      0x166 ADC.o
 .debug_macro   0x000036d9       0xe0 Angle_fix_DH.o
 .debug_macro   0x000037b9       0x1c Angle_fix_DH.o
 .debug_macro   0x000037d5      0x10e Angle_fix_DH.o
 .debug_macro   0x000038e3       0x60 Angle_fix_DH.o
 .debug_macro   0x00003943       0xd5 Arm.o
 .debug_macro   0x00003a18       0xc9 Buzzer.o
 .debug_macro   0x00003ae1       0xe5 Firebird.o
 .debug_macro   0x00003bc6       0xed LCD.o
 .debug_macro   0x00003cb3       0xf5 MOPBOT.o
 .debug_macro   0x00003da8       0xc9 Motor.o
 .debug_macro   0x00003e71       0xc9 PID.o
 .debug_macro   0x00003f3a       0xc9 Servo.o
 .debug_macro   0x00004003       0xd7 SharpIR.o
 .debug_macro   0x000040da       0xc9 Timers.o
 .debug_macro   0x000041a3       0xd3 Ultrasound.o
OUTPUT(MOPBOT.elf elf32-avr)
LOAD linker stubs
